C51 COMPILER V8.02   SCALER_DITHERING                                                      08/07/2015 16:22:25 PAGE 1   


C51 COMPILER V8.02, COMPILATION OF MODULE SCALER_DITHERING
OBJECT MODULE PLACED IN .\Bin\ADS\AXI\104N\Scaler_Dithering.obj
COMPILER INVOKED BY: C:\Keil\C51\BIN\C51.EXE Lib\NT68655_770_850 Series\Scaler_Dithering.c LARGE OPTIMIZE(9,SPEED) BROWS
                    -E INCDIR(.\App;.\App\OSD;.\App\User;.\Lib;.\Lib\NT68655_770_850 Series;.\Lib\ScalerCfg;.\Phy\Panel;.\Phy\SI\NVT\Board;.\
                    -Phy\SI\NVT\Component;.\Phy\SI\NVT\Keypad;.\Sys;.\Sys\SI\NVT) DEFINE(SCALER_TYPE=NT68857,NT68857_DEMO,FLASH_BANK=4,X_ADS,
                    -X215) PRINT(.\Lst\Scaler_Dithering.lst) OBJECT(.\Bin\ADS\AXI\104N\Scaler_Dithering.obj)

line level    source

   1          /******************************************************************************/
   2          /*                       Novatek MicroElectronics Corp.                       */
   3          /*       6F, No. 1-2, Innovation Road I, Science-Based Industrial Park,       */
   4          /*                         HsinChu 300, Taiwan, R.O.C.                        */
   5          /*                 TEL:886-3-567-0889       FAX:886-3-577-0132                */
   6          /*                            All Rights Reserved                             */
   7          /******************************************************************************/
   8          
   9          //******************************************************************************
  10          // I N C L U D E   F I L E S
  11          //******************************************************************************
  12          #include "Include.h"
  13          #include "ScalerProfile.h"
  14          
  15          //******************************************************************************
  16          // M A C R O   D E F I N I T I O N S
  17          //******************************************************************************
  18          
  19          //******************************************************************************
  20          // G L O B A L   V A R I A B L E S
  21          //******************************************************************************
  22          
  23          //******************************************************************************
  24          // S T A T I C   V A R I A B L E S
  25          //******************************************************************************
  26          
  27          //******************************************************************************
  28          // E X T E R N A L   V A R I A B L E   P R O T O T Y P E S
  29          //******************************************************************************
  30          
  31          //******************************************************************************
  32          // S T A T I C   F U N C T I O N   P R O T O T Y P E S
  33          //******************************************************************************
  34          
  35          //******************************************************************************
  36          // E X T E R N A L   F U N C T I O N   P R O T O T Y P E S
  37          //******************************************************************************
  38          
  39          //******************************************************************************
  40          // F U N C T I O N   B O D Y S
  41          //******************************************************************************
  42          
  43          /**************************************************************************//**
  44           * Initialize dithering-related registers.
  45           ******************************************************************************/
  46          void DithInit(void)
  47          {
  48   1          SC_DITH_CTRL = DT158;
  49   1          SC_SRGB_DITH_CTRL = DT1D8;
  50   1          SC_DISP_RANDOM_DITH_CTRL = DT1DA;
  51   1          SC_GAMMA_DITH_CTRL = DT1DB;    //10 bit gamma dithering mode
  52   1      }
C51 COMPILER V8.02   SCALER_DITHERING                                                      08/07/2015 16:22:25 PAGE 2   

  53          
  54          /**************************************************************************//**
  55           * Set dithering mode.
  56           * @param type Dithering mode.
  57           * @param mode_10 10 mode when dithering mode is static.
  58           * @param mode_01 01 mode when dithering mode is static.
  59           ******************************************************************************/
  60          void DithSetDitherMode(DitherType type, UCHAR mode_10, UCHAR mode_01)
  61          {
  62   1          switch(type) {
  63   2              case DITH_TP_RDM:
  64   2                  SC_DISP_RANDOM_DITH_CTRL = 0x10;
  65   2                  SC_DITH_CTRL &= ~BIT3;
  66   2                  SC_DITH_CTRL |= BIT0;
  67   2                  break;
  68   2              case DITH_TP_VRDM:
  69   2                  SC_DISP_RANDOM_DITH_CTRL = 0x90;
  70   2                  SC_DITH_CTRL &= ~BIT3;
  71   2                  SC_DITH_CTRL |= BIT0;
  72   2                  break;
  73   2              case DITH_TP_STATIC:
  74   2                  SC_DISP_RANDOM_DITH_CTRL = 0x00;
  75   2                  mode_10 &= 0x03;
  76   2                  mode_10 <<= 4;
  77   2                  mode_01 &= 0x07;
  78   2                  SC_GAMMA_DITH_CTRL = mode_01 | mode_10;
  79   2                  SC_DITH_CTRL |= BIT3;
  80   2                  break;
  81   2              case DITH_TP_MIX:
  82   2                  SC_DISP_RANDOM_DITH_CTRL = 0xF4;
  83   2                  mode_10 &= 0x0F;
  84   2                  mode_10 <<= 4;
  85   2                  SC_DITH_CTRL &= 0x0F;
  86   2                  SC_DITH_CTRL |= mode_10;
  87   2                  SC_DITH_CTRL &= ~BIT3;
  88   2                  SC_DITH_CTRL |= BIT0;
  89   2                  break;
  90   2              case DITH_TP_OFF:
  91   2              default:
  92   2                  SC_DITH_CTRL &= ~(BIT3|BIT0);
  93   2                  break;
  94   2          };
  95   1      }


MODULE INFORMATION:   STATIC OVERLAYABLE
   CODE SIZE        =    125    ----
   CONSTANT SIZE    =   ----    ----
   XDATA SIZE       =      6    ----
   PDATA SIZE       =   ----    ----
   DATA SIZE        =   ----    ----
   IDATA SIZE       =   ----    ----
   BIT SIZE         =   ----    ----
END OF MODULE INFORMATION.


C51 COMPILATION COMPLETE.  0 WARNING(S),  0 ERROR(S)
