BL51 BANKED LINKER/LOCATER V5.12                                                        11/26/2018  18:59:04  PAGE 1


BL51 BANKED LINKER/LOCATER V5.12, INVOKED BY:
C:\KEIL\C51\BIN\BL51.EXE COMMON {.\Bin\AXI\X15N\Int.obj}, COMMON {.\Bin\AXI\X15N\Main.obj}, COMMON {.\Bin\AXI\X15N\NT68F
>> 631_4bank.obj}, COMMON {.\Bin\AXI\X15N\ScalerAccess.obj}, COMMON {.\Bin\AXI\X15N\OSDAPI_Common.obj}, COMMON {.\Bin\AX
>> I\X15N\STARTUP_A000.obj}, COMMON {.\Bin\AXI\X15N\EmbedCheckSum.obj}, COMMON {.\Lib\fe2p_large_3.13.LIB}, COMMON {.\Bi
>> n\AXI\X15N\Scaler_DP_Common.obj}, BANK0 {.\Bin\AXI\X15N\AutoAdj.obj}, BANK0 {.\Bin\AXI\X15N\AutoAdjConfig.obj}, BANK0
>>  {.\Bin\AXI\X15N\SyncHandler.obj}, BANK0 {.\Bin\AXI\X15N\ModeHandler.obj}, BANK0 {.\Bin\AXI\X15N\ModeTable.obj}, BANK
>> 0 {.\Bin\AXI\X15N\ModeSearch.obj}, BANK0 {.\Bin\AXI\X15N\ModeConfig.obj}, BANK0 {.\Bin\AXI\X15N\NR.obj}, BANK0 {.\Bin
>> \AXI\X15N\Nvram.obj}, BANK0 {.\Bin\AXI\X15N\NvramIIC.obj}, BANK0 {.\Bin\AXI\X15N\SysAPI.obj}, BANK0 {.\Bin\AXI\X15N\M
>> cu.obj}, BANK0 {.\Bin\AXI\X15N\McuADC.obj}, BANK0 {.\Bin\AXI\X15N\McuDDC.obj}, BANK0 {.\Bin\AXI\X15N\McuIO.obj}, BANK
>> 0 {.\Bin\AXI\X15N\McuPWM.obj}, BANK0 {.\Bin\AXI\X15N\McuHwIIC.obj}, BANK0 {.\Bin\AXI\X15N\Board.obj}, BANK0 {.\Bin\AX
>> I\X15N\Misc.obj}, BANK0 {.\Bin\AXI\X15N\Ram.obj}, BANK0 {.\Bin\AXI\X15N\HDCP.obj}, BANK0 {.\Bin\AXI\X15N\Panel.obj}, 
>> BANK0 {.\Bin\AXI\X15N\Scaler_CSC.obj}, BANK0 {.\Bin\AXI\X15N\ScalerReg.obj}, BANK0 {.\Bin\AXI\X15N\Scaler_3D.obj}, BA
>> NK0 {.\Bin\AXI\X15N\Scaler_ADC.obj}, BANK0 {.\Bin\AXI\X15N\Scaler_Capture.obj}, BANK0 {.\Bin\AXI\X15N\Scaler_Common.o
>> bj}, BANK0 {.\Bin\AXI\X15N\Scaler_Display.obj}, BANK0 {.\Bin\AXI\X15N\Scaler_Dithering.obj}, BANK0 {.\Bin\AXI\X15N\Sc
>> aler_HDMI.obj}, BANK0 {.\Bin\AXI\X15N\Scaler_LedDriver.obj}, BANK0 {.\Bin\AXI\X15N\Scaler_LVDS.obj}, BANK0 {.\Bin\AXI
>> \X15N\Scaler_MMU.obj}, BANK0 {.\Bin\AXI\X15N\Scaler_NR.obj}, BANK0 {.\Bin\AXI\X15N\Scaler_Power.obj}, BANK0 {.\Bin\AX
>> I\X15N\Scaler_PWM.obj}, BANK0 {.\Bin\AXI\X15N\Scaler_Sync.obj}, BANK0 {.\Bin\AXI\X15N\Scaler_TMDS.obj}, BANK0 {.\Bin\
>> AXI\X15N\Fe2p_API.obj}, BANK0 {.\Bin\AXI\X15N\HDCPAPI.obj}, BANK0 {.\Bin\AXI\X15N\McuReg.obj}, BANK0 {.\Bin\AXI\X15N\
>> Scaler_MHL.obj}, BANK1 {.\Bin\AXI\X15N\OSDAPI_Indent.obj}, BANK1 {.\Bin\AXI\X15N\OSDFont.obj}, BANK1 {.\Bin\AXI\X15N\
>> OSDFunc.obj}, BANK1 {.\Bin\AXI\X15N\OSDIndex.obj}, BANK1 {.\Bin\AXI\X15N\OSDView.obj}, BANK1 {.\Bin\AXI\X15N\FOSDView
>> .obj}, BANK1 {.\Bin\AXI\X15N\OSDAPI.obj}, BANK1 {.\Bin\AXI\X15N\OSDCtrl.obj}, BANK2 {.\Bin\AXI\X15N\APPCtrl.obj}, BAN
>> K2 {.\Bin\AXI\X15N\EventHandle.obj}, BANK2 {.\Bin\AXI\X15N\KeyCtrl.obj}, BANK2 {.\Bin\AXI\X15N\UserSetting.obj}, BANK
>> 2 {.\Bin\AXI\X15N\ColorConfig.obj}, BANK2 {.\Lib\ColorEngine_Large.LIB}, BANK2 {.\Bin\AXI\X15N\Gamma.obj}, BANK2 {.\B
>> in\AXI\X15N\GammaAPI.obj}, BANK2 {.\Bin\AXI\X15N\Logo.obj}, BANK2 {.\Bin\AXI\X15N\OD.obj}, BANK2 {.\Lib\ODTransform_L
>> arge.LIB}, BANK2 {.\Bin\AXI\X15N\ODAPI.obj}, BANK2 {.\Bin\AXI\X15N\DBC.obj}, BANK2 {.\Bin\AXI\X15N\DBCAPI.obj}, BANK2
>>  {.\Bin\AXI\X15N\DemoOSDView.obj}, BANK2 {.\Bin\AXI\X15N\3D.obj}, BANK2 {.\Bin\AXI\X15N\KeyPad.obj}, BANK2 {.\Bin\AXI
>> \X15N\IR.obj}, BANK2 {.\Bin\AXI\X15N\CM3218_ALSMode.obj}, BANK2 {.\Bin\AXI\X15N\CM3218_ALSOffset.obj}, BANK2 {.\Bin\A
>> XI\X15N\LS3101_ADS.obj}, BANK2 {.\Bin\AXI\X15N\XRS232_APP.obj}, BANK2 {.\Bin\AXI\X15N\XRS232_LWO_APP.obj}, BANK3 {.\B
>> in\AXI\X15N\CEC.obj}, BANK3 {.\Bin\AXI\X15N\Ddcci.obj}, BANK3 {.\Bin\AXI\X15N\DdcciCtrl.obj}, BANK3 {.\Bin\AXI\X15N\L
>> D.obj}, BANK3 {.\Bin\AXI\X15N\SR.obj}, BANK3 {.\Bin\AXI\X15N\MHL.obj}, BANK3 {.\Bin\AXI\X15N\SRAPI.obj}, BANK3 {.\Bin
>> \AXI\X15N\LDAPI.obj}, BANK3 {.\Bin\AXI\X15N\Scaler_DP.obj} TO .\Bin\AXI\X15N\AXI_AX98312_X15N__SAAB_1024x768_181126 B
>> ANKAREA (0X0000, 0XFFFF) PRINT (.\Lst\temp.m51) RAMSIZE (256) B0 (?CO?MODETABLE, ?CO?SCALER_COMMON, ?CO?HDCPAPI) B1 (
>> ?CO?OSDFONT, ?CO?OSDINDEX, ?CO?OSDFUNC, ?CO?FOSDVIEW) B2 (?CO?GAMMA, ?CO?COLORCONFIG, ?CO?LOGO, ?CO?OD, ?CO?DBC) B3 (
>> ?CO?DDCCI, ?CO?LD, ?CO?MHL, ?CO?SCALER_DP) CODE (0X0000-0XFFFF) XDATA (0XA000-0XA7FF)


MEMORY MODEL: LARGE WITH FLOATING POINT ARITHMETIC


INPUT MODULES INCLUDED:
  .\Bin\AXI\X15N\Int.obj (INT)
  .\Bin\AXI\X15N\Main.obj (MAIN)
  .\Bin\AXI\X15N\NT68F631_4bank.obj (?BANK?SWITCHING)
  .\Bin\AXI\X15N\ScalerAccess.obj (SCALERACCESS)
  .\Bin\AXI\X15N\OSDAPI_Common.obj (OSDAPI_COMMON)
  .\Bin\AXI\X15N\STARTUP_A000.obj (?C_STARTUP)
  .\Bin\AXI\X15N\EmbedCheckSum.obj (EMBEDCHECKSUM)
  .\Bin\AXI\X15N\Scaler_DP_Common.obj (SCALER_DP_COMMON)
  .\Bin\AXI\X15N\AutoAdj.obj (AUTOADJ)
  .\Bin\AXI\X15N\AutoAdjConfig.obj (AUTOADJCONFIG)
  .\Bin\AXI\X15N\SyncHandler.obj (SYNCHANDLER)
  .\Bin\AXI\X15N\ModeHandler.obj (MODEHANDLER)
  .\Bin\AXI\X15N\ModeTable.obj (MODETABLE)
  .\Bin\AXI\X15N\ModeSearch.obj (MODESEARCH)
  .\Bin\AXI\X15N\ModeConfig.obj (MODECONFIG)
  .\Bin\AXI\X15N\NR.obj (NR)
  .\Bin\AXI\X15N\Nvram.obj (NVRAM)
  .\Bin\AXI\X15N\NvramIIC.obj (NVRAMIIC)
BL51 BANKED LINKER/LOCATER V5.12                                                      11/26/2018  18:59:04  PAGE 2


  .\Bin\AXI\X15N\SysAPI.obj (SYSAPI)
  .\Bin\AXI\X15N\Mcu.obj (MCU)
  .\Bin\AXI\X15N\McuADC.obj (MCUADC)
  .\Bin\AXI\X15N\McuDDC.obj (MCUDDC)
  .\Bin\AXI\X15N\McuIO.obj (MCUIO)
  .\Bin\AXI\X15N\McuPWM.obj (MCUPWM)
  .\Bin\AXI\X15N\McuHwIIC.obj (MCUHWIIC)
  .\Bin\AXI\X15N\Board.obj (BOARD)
  .\Bin\AXI\X15N\Misc.obj (MISC)
  .\Bin\AXI\X15N\Ram.obj (RAM)
  .\Bin\AXI\X15N\HDCP.obj (HDCP)
  .\Bin\AXI\X15N\Panel.obj (PANEL)
  .\Bin\AXI\X15N\Scaler_CSC.obj (SCALER_CSC)
  .\Bin\AXI\X15N\ScalerReg.obj (SCALERREG)
  .\Bin\AXI\X15N\Scaler_3D.obj (SCALER_3D)
  .\Bin\AXI\X15N\Scaler_ADC.obj (SCALER_ADC)
  .\Bin\AXI\X15N\Scaler_Capture.obj (SCALER_CAPTURE)
  .\Bin\AXI\X15N\Scaler_Common.obj (SCALER_COMMON)
  .\Bin\AXI\X15N\Scaler_Display.obj (SCALER_DISPLAY)
  .\Bin\AXI\X15N\Scaler_Dithering.obj (SCALER_DITHERING)
  .\Bin\AXI\X15N\Scaler_HDMI.obj (SCALER_HDMI)
  .\Bin\AXI\X15N\Scaler_LedDriver.obj (SCALER_LEDDRIVER)
  .\Bin\AXI\X15N\Scaler_LVDS.obj (SCALER_LVDS)
  .\Bin\AXI\X15N\Scaler_MMU.obj (SCALER_MMU)
  .\Bin\AXI\X15N\Scaler_NR.obj (SCALER_NR)
  .\Bin\AXI\X15N\Scaler_Power.obj (SCALER_POWER)
  .\Bin\AXI\X15N\Scaler_PWM.obj (SCALER_PWM)
  .\Bin\AXI\X15N\Scaler_Sync.obj (SCALER_SYNC)
  .\Bin\AXI\X15N\Scaler_TMDS.obj (SCALER_TMDS)
  .\Bin\AXI\X15N\Fe2p_API.obj (FE2P_API)
  .\Bin\AXI\X15N\HDCPAPI.obj (HDCPAPI)
  .\Bin\AXI\X15N\McuReg.obj (MCUREG)
  .\Bin\AXI\X15N\Scaler_MHL.obj (SCALER_MHL)
  .\Bin\AXI\X15N\OSDAPI_Indent.obj (OSDAPI_INDENT)
  .\Bin\AXI\X15N\OSDFont.obj (OSDFONT)
  .\Bin\AXI\X15N\OSDFunc.obj (OSDFUNC)
  .\Bin\AXI\X15N\OSDIndex.obj (OSDINDEX)
  .\Bin\AXI\X15N\OSDView.obj (OSDVIEW)
  .\Bin\AXI\X15N\FOSDView.obj (FOSDVIEW)
  .\Bin\AXI\X15N\OSDAPI.obj (OSDAPI)
  .\Bin\AXI\X15N\OSDCtrl.obj (OSDCTRL)
  .\Bin\AXI\X15N\APPCtrl.obj (APPCTRL)
  .\Bin\AXI\X15N\EventHandle.obj (EVENTHANDLE)
  .\Bin\AXI\X15N\KeyCtrl.obj (KEYCTRL)
  .\Bin\AXI\X15N\UserSetting.obj (USERSETTING)
  .\Bin\AXI\X15N\ColorConfig.obj (COLORCONFIG)
  .\Lib\ColorEngine_Large.LIB (BFAPI)
  .\Lib\ColorEngine_Large.LIB (MATRIX)
  .\Lib\ColorEngine_Large.LIB (DCR)
  .\Lib\ColorEngine_Large.LIB (DCR_SETDYMACE)
  .\Lib\ColorEngine_Large.LIB (DCR_SETDYMBACKLIGHT)
  .\Lib\ColorEngine_Large.LIB (DCR_CHECKCONTENT)
  .\Bin\AXI\X15N\Gamma.obj (GAMMA)
  .\Bin\AXI\X15N\GammaAPI.obj (GAMMAAPI)
  .\Bin\AXI\X15N\Logo.obj (LOGO)
  .\Bin\AXI\X15N\OD.obj (OD)
  .\Bin\AXI\X15N\ODAPI.obj (ODAPI)
BL51 BANKED LINKER/LOCATER V5.12                                                      11/26/2018  18:59:04  PAGE 3


  .\Bin\AXI\X15N\DBC.obj (DBC)
  .\Bin\AXI\X15N\DBCAPI.obj (DBCAPI)
  .\Bin\AXI\X15N\DemoOSDView.obj (DEMOOSDVIEW)
  .\Bin\AXI\X15N\3D.obj (3D)
  .\Bin\AXI\X15N\KeyPad.obj (KEYPAD)
  .\Bin\AXI\X15N\IR.obj (IR)
  .\Bin\AXI\X15N\CM3218_ALSMode.obj (CM3218_ALSMODE)
  .\Bin\AXI\X15N\CM3218_ALSOffset.obj (CM3218_ALSOFFSET)
  .\Bin\AXI\X15N\LS3101_ADS.obj (LS3101_ADS)
  .\Bin\AXI\X15N\XRS232_APP.obj (XRS232_APP)
  .\Bin\AXI\X15N\XRS232_LWO_APP.obj (XRS232_LWO_APP)
  .\Bin\AXI\X15N\CEC.obj (CEC)
  .\Bin\AXI\X15N\Ddcci.obj (DDCCI)
  .\Bin\AXI\X15N\DdcciCtrl.obj (DDCCICTRL)
  .\Bin\AXI\X15N\LD.obj (LD)
  .\Bin\AXI\X15N\SR.obj (SR)
  .\Bin\AXI\X15N\MHL.obj (MHL)
  .\Bin\AXI\X15N\SRAPI.obj (SRAPI)
  .\Bin\AXI\X15N\LDAPI.obj (LDAPI)
  .\Bin\AXI\X15N\Scaler_DP.obj (SCALER_DP)
  .\Lib\fe2p_large_3.13.LIB (FE2P)
  C:\KEIL\C51\LIB\C51FPL.LIB (?C?FPADD)
  C:\KEIL\C51\LIB\C51FPL.LIB (?C?FPMUL)
  C:\KEIL\C51\LIB\C51FPL.LIB (?C?FPDIV)
  C:\KEIL\C51\LIB\C51FPL.LIB (?C?FPCMP)
  C:\KEIL\C51\LIB\C51FPL.LIB (?C?FCAST)
  C:\KEIL\C51\LIB\C51FPL.LIB (?C?CASTF)
  C:\KEIL\C51\LIB\C51FPL.LIB (PRINTF)
  C:\KEIL\C51\LIB\C51FPL.LIB (?C?FPGETOPN)
  C:\KEIL\C51\LIB\C51FPL.LIB (?C?FPROUND)
  C:\KEIL\C51\LIB\C51FPL.LIB (?C?FPCONVERT)
  C:\KEIL\C51\LIB\C51FPL.LIB (?C?FTNPWR)
  C:\KEIL\C51\LIB\C51L.LIB (?C_INIT)
  C:\KEIL\C51\LIB\C51L.LIB (?C?COPY)
  C:\KEIL\C51\LIB\C51L.LIB (?C?CLDPTR)
  C:\KEIL\C51\LIB\C51L.LIB (?C?CLDOPTR)
  C:\KEIL\C51\LIB\C51L.LIB (?C?CILDPTR)
  C:\KEIL\C51\LIB\C51L.LIB (?C?CSTPTR)
  C:\KEIL\C51\LIB\C51L.LIB (?C?CSTOPTR)
  C:\KEIL\C51\LIB\C51L.LIB (?C?IMUL)
  C:\KEIL\C51\LIB\C51L.LIB (?C?UIDIV)
  C:\KEIL\C51\LIB\C51L.LIB (?C?SIDIV)
  C:\KEIL\C51\LIB\C51L.LIB (?C?IILDX)
  C:\KEIL\C51\LIB\C51L.LIB (?C?ILDIX)
  C:\KEIL\C51\LIB\C51L.LIB (?C?ILDPTR)
  C:\KEIL\C51\LIB\C51L.LIB (?C?ILDOPTR)
  C:\KEIL\C51\LIB\C51L.LIB (?C?ISTPTR)
  C:\KEIL\C51\LIB\C51L.LIB (?C?ISTOPTR)
  C:\KEIL\C51\LIB\C51L.LIB (?C?LMUL)
  C:\KEIL\C51\LIB\C51L.LIB (?C?ULDIV)
  C:\KEIL\C51\LIB\C51L.LIB (?C?LNEG)
  C:\KEIL\C51\LIB\C51L.LIB (?C?SLCMP)
  C:\KEIL\C51\LIB\C51L.LIB (?C?ULCMP)
  C:\KEIL\C51\LIB\C51L.LIB (?C?ULSHR)
  C:\KEIL\C51\LIB\C51L.LIB (?C?SLSHR)
  C:\KEIL\C51\LIB\C51L.LIB (?C?LSHL)
  C:\KEIL\C51\LIB\C51L.LIB (?C?LLDPTR)
BL51 BANKED LINKER/LOCATER V5.12                                                      11/26/2018  18:59:04  PAGE 4


  C:\KEIL\C51\LIB\C51L.LIB (?C?LLDXDATA)
  C:\KEIL\C51\LIB\C51L.LIB (?C?LSTXDATA)
  C:\KEIL\C51\LIB\C51L.LIB (?C?LSTKXDATA)
  C:\KEIL\C51\LIB\C51L.LIB (?C?OFFXADD)
  C:\KEIL\C51\LIB\C51L.LIB (?C?PLDXDATA)
  C:\KEIL\C51\LIB\C51L.LIB (?C?PLDIXDATA)
  C:\KEIL\C51\LIB\C51L.LIB (?C?PSTXDATA)
  C:\KEIL\C51\LIB\C51L.LIB (?C?PLDOPTR)
  C:\KEIL\C51\LIB\C51L.LIB (?C?CCASE)
  C:\KEIL\C51\LIB\C51L.LIB (?C?ICALL)
  C:\KEIL\C51\LIB\C51L.LIB (PUTCHAR)
  C:\KEIL\C51\LIB\C51L.LIB (ABS)
  C:\KEIL\C51\LIB\C51L.LIB (LABS)
  C:\KEIL\C51\LIB\C51L.LIB (STRLEN)
  C:\KEIL\C51\LIB\C51L.LIB (?C?LLDIDATA)
  C:\KEIL\C51\LIB\C51L.LIB (?C?LLDPDATA)
  C:\KEIL\C51\LIB\C51L.LIB (?C?LLDCODE)
  C:\KEIL\C51\LIB\C51L.LIB (?C?PLDIDATA)
  C:\KEIL\C51\LIB\C51L.LIB (?C?PLDPDATA)
  C:\KEIL\C51\LIB\C51L.LIB (?C?PLDCODE)


LINK MAP OF MODULE:  .\Bin\AXI\X15N\AXI_AX98312_X15N__SAAB_1024x768_181126 (INT)


            TYPE    BASE      LENGTH    RELOCATION   SEGMENT NAME
            -----------------------------------------------------

            * * * * * * *   D A T A   M E M O R Y   * * * * * * *
            REG     0000H     0008H     ABSOLUTE     "REG BANK 0"
            REG     0008H     0008H     ABSOLUTE     "REG BANK 1"
            REG     0010H     0008H     ABSOLUTE     "REG BANK 2"
            REG     0018H     0008H     ABSOLUTE     "REG BANK 3"
            BIT     0020H.0   0001H.7   UNIT         ?BI?MHL
            BIT     0021H.7   0001H.1   UNIT         _BIT_GROUP_
            BIT     0023H.0   0000H.3   UNIT         ?BI?INT
            BIT     0023H.3   0000H.3   UNIT         ?BI?IR
            BIT     0023H.6   0000H.2   UNIT         ?BI?AUTOADJ
            BIT     0024H.0   0000H.2   UNIT         ?BI?SCALER_POWER
            BIT     0024H.2   0000H.2   UNIT         ?BI?COLORCONFIG
            BIT     0024H.4   0000H.2   UNIT         ?BI?SCALER_DP
            BIT     0024H.6   0000H.1   UNIT         ?BI?SYNCHANDLER
            BIT     0024H.7   0000H.1   UNIT         ?BI?SYSAPI
            BIT     0025H.0   0000H.1   UNIT         ?BI?MCU
            BIT     0025H.1   0000H.1   UNIT         ?BI?BOARD
            BIT     0025H.2   0000H.1   UNIT         ?BI?SCALER_HDMI
            BIT     0025H.3   0000H.1   UNIT         ?BI?FE2P_API
            BIT     0025H.4   0000H.1   UNIT         ?BI?SCALER_MHL
            BIT     0025H.5   0000H.1   UNIT         ?BI?APPCTRL
            BIT     0025H.6   0000H.1   UNIT         ?BI?KEYCTRL
            BIT     0025H.7   0000H.1   UNIT         ?BI?DCR_SETDYMACE
            BIT     0026H.0   0000H.1   UNIT         ?BI?KEYPAD
            BIT     0026H.1   0000H.1   UNIT         ?BI?DDCCI
                    0026H.2   0000H.6                *** GAP ***
            DATA    0027H     0014H     UNIT         _DATA_GROUP_
            DATA    003BH     0002H     UNIT         ?DT?MISC
            IDATA   003DH     0011H     UNIT         ?ID?MHL
BL51 BANKED LINKER/LOCATER V5.12                                                      11/26/2018  18:59:04  PAGE 5


            IDATA   004EH     000CH     UNIT         ?ID?INT
            IDATA   005AH     000AH     UNIT         ?ID?OSDAPI_INDENT
            IDATA   0064H     0009H     UNIT         _IDATA_GROUP_
            IDATA   006DH     0007H     UNIT         ?ID?DDCCI
            IDATA   0074H     0004H     UNIT         ?ID?_SPUTWORDHEX?INT
            IDATA   0078H     0004H     UNIT         ?ID?_SPUTWORDDEC?INT
            IDATA   007CH     0004H     UNIT         ?ID?KEYCTRL
            IDATA   0080H     0004H     UNIT         ?ID?IR
            IDATA   0084H     0002H     UNIT         ?ID?_SHEX2ASCII?INT
            IDATA   0086H     0002H     UNIT         ?ID?_SPUTBYTEHEX?INT
            IDATA   0088H     0001H     UNIT         ?STACK

            * * * * * * *  X D A T A   M E M O R Y  * * * * * * *
                    0000H     089DH                  *** GAP ***
            XDATA   089DH     0001H     ABSOLUTE     
                    089EH     7762H                  *** GAP ***
            XDATA   8000H     0001H     ABSOLUTE     
            XDATA   8001H     0001H     ABSOLUTE     
            XDATA   8002H     0001H     ABSOLUTE     
            XDATA   8003H     0001H     ABSOLUTE     
            XDATA   8004H     0001H     ABSOLUTE     
            XDATA   8005H     0001H     ABSOLUTE     
            XDATA   8006H     0001H     ABSOLUTE     
            XDATA   8007H     0001H     ABSOLUTE     
            XDATA   8008H     0001H     ABSOLUTE     
            XDATA   8009H     0001H     ABSOLUTE     
            XDATA   800AH     0001H     ABSOLUTE     
            XDATA   800BH     0001H     ABSOLUTE     
            XDATA   800CH     0001H     ABSOLUTE     
            XDATA   800DH     0001H     ABSOLUTE     
            XDATA   800EH     0001H     ABSOLUTE     
            XDATA   800FH     0001H     ABSOLUTE     
            XDATA   8010H     0001H     ABSOLUTE     
            XDATA   8011H     0001H     ABSOLUTE     
            XDATA   8012H     0001H     ABSOLUTE     
            XDATA   8013H     0001H     ABSOLUTE     
            XDATA   8014H     0001H     ABSOLUTE     
            XDATA   8015H     0001H     ABSOLUTE     
            XDATA   8016H     0001H     ABSOLUTE     
                    8017H     0007H                  *** GAP ***
            XDATA   801EH     0001H     ABSOLUTE     
            XDATA   801FH     0001H     ABSOLUTE     
            XDATA   8020H     0001H     ABSOLUTE     
            XDATA   8021H     0001H     ABSOLUTE     
            XDATA   8022H     0001H     ABSOLUTE     
            XDATA   8023H     0001H     ABSOLUTE     
            XDATA   8024H     0001H     ABSOLUTE     
            XDATA   8025H     0001H     ABSOLUTE     
            XDATA   8026H     0001H     ABSOLUTE     
            XDATA   8027H     0001H     ABSOLUTE     
            XDATA   8028H     0001H     ABSOLUTE     
            XDATA   8029H     0001H     ABSOLUTE     
            XDATA   802AH     0001H     ABSOLUTE     
            XDATA   802BH     0001H     ABSOLUTE     
            XDATA   802CH     0001H     ABSOLUTE     
            XDATA   802DH     0001H     ABSOLUTE     
            XDATA   802EH     0001H     ABSOLUTE     
BL51 BANKED LINKER/LOCATER V5.12                                                      11/26/2018  18:59:04  PAGE 6


            XDATA   802FH     0001H     ABSOLUTE     
            XDATA   8030H     0001H     ABSOLUTE     
            XDATA   8031H     0001H     ABSOLUTE     
            XDATA   8032H     0001H     ABSOLUTE     
            XDATA   8033H     0001H     ABSOLUTE     
            XDATA   8034H     0001H     ABSOLUTE     
            XDATA   8035H     0001H     ABSOLUTE     
            XDATA   8036H     0001H     ABSOLUTE     
            XDATA   8037H     0001H     ABSOLUTE     
            XDATA   8038H     0001H     ABSOLUTE     
            XDATA   8039H     0001H     ABSOLUTE     
                    803AH     0002H                  *** GAP ***
            XDATA   803CH     0001H     ABSOLUTE     
            XDATA   803DH     0001H     ABSOLUTE     
            XDATA   803EH     0001H     ABSOLUTE     
            XDATA   803FH     0001H     ABSOLUTE     
            XDATA   8040H     0001H     ABSOLUTE     
            XDATA   8041H     0001H     ABSOLUTE     
            XDATA   8042H     0001H     ABSOLUTE     
            XDATA   8043H     0001H     ABSOLUTE     
            XDATA   8044H     0001H     ABSOLUTE     
            XDATA   8045H     0001H     ABSOLUTE     
            XDATA   8046H     0001H     ABSOLUTE     
            XDATA   8047H     0001H     ABSOLUTE     
            XDATA   8048H     0001H     ABSOLUTE     
                    8049H     0002H                  *** GAP ***
            XDATA   804BH     0001H     ABSOLUTE     
            XDATA   804CH     0001H     ABSOLUTE     
            XDATA   804DH     0001H     ABSOLUTE     
            XDATA   804EH     0001H     ABSOLUTE     
            XDATA   804FH     0001H     ABSOLUTE     
            XDATA   8050H     0001H     ABSOLUTE     
            XDATA   8051H     0001H     ABSOLUTE     
            XDATA   8052H     0001H     ABSOLUTE     
            XDATA   8053H     0001H     ABSOLUTE     
            XDATA   8054H     0001H     ABSOLUTE     
            XDATA   8055H     0001H     ABSOLUTE     
            XDATA   8056H     0001H     ABSOLUTE     
            XDATA   8057H     0001H     ABSOLUTE     
            XDATA   8058H     0001H     ABSOLUTE     
            XDATA   8059H     0001H     ABSOLUTE     
            XDATA   805AH     0001H     ABSOLUTE     
            XDATA   805BH     0001H     ABSOLUTE     
            XDATA   805CH     0001H     ABSOLUTE     
            XDATA   805DH     0001H     ABSOLUTE     
            XDATA   805EH     0001H     ABSOLUTE     
            XDATA   805FH     0001H     ABSOLUTE     
            XDATA   8060H     0001H     ABSOLUTE     
            XDATA   8061H     0001H     ABSOLUTE     
                    8062H     0002H                  *** GAP ***
            XDATA   8064H     0001H     ABSOLUTE     
            XDATA   8065H     0001H     ABSOLUTE     
            XDATA   8066H     0001H     ABSOLUTE     
            XDATA   8067H     0001H     ABSOLUTE     
            XDATA   8068H     0001H     ABSOLUTE     
            XDATA   8069H     0001H     ABSOLUTE     
            XDATA   806AH     0001H     ABSOLUTE     
BL51 BANKED LINKER/LOCATER V5.12                                                      11/26/2018  18:59:04  PAGE 7


            XDATA   806BH     0001H     ABSOLUTE     
            XDATA   806CH     0001H     ABSOLUTE     
            XDATA   806DH     0001H     ABSOLUTE     
            XDATA   806EH     0001H     ABSOLUTE     
            XDATA   806FH     0001H     ABSOLUTE     
            XDATA   8070H     0001H     ABSOLUTE     
                    8071H     0001H                  *** GAP ***
            XDATA   8072H     0001H     ABSOLUTE     
                    8073H     0001H                  *** GAP ***
            XDATA   8074H     0001H     ABSOLUTE     
            XDATA   8075H     0001H     ABSOLUTE     
            XDATA   8076H     0001H     ABSOLUTE     
            XDATA   8077H     0001H     ABSOLUTE     
            XDATA   8078H     0001H     ABSOLUTE     
            XDATA   8079H     0001H     ABSOLUTE     
            XDATA   807AH     0001H     ABSOLUTE     
                    807BH     0003H                  *** GAP ***
            XDATA   807EH     0001H     ABSOLUTE     
            XDATA   807FH     0001H     ABSOLUTE     
            XDATA   8080H     0001H     ABSOLUTE     
            XDATA   8081H     0001H     ABSOLUTE     
            XDATA   8082H     0001H     ABSOLUTE     
            XDATA   8083H     0001H     ABSOLUTE     
            XDATA   8084H     0001H     ABSOLUTE     
            XDATA   8085H     0001H     ABSOLUTE     
            XDATA   8086H     0001H     ABSOLUTE     
            XDATA   8087H     0001H     ABSOLUTE     
            XDATA   8088H     0001H     ABSOLUTE     
            XDATA   8089H     0001H     ABSOLUTE     
            XDATA   808AH     0001H     ABSOLUTE     
            XDATA   808BH     0001H     ABSOLUTE     
            XDATA   808CH     0001H     ABSOLUTE     
            XDATA   808DH     0001H     ABSOLUTE     
            XDATA   808EH     0001H     ABSOLUTE     
            XDATA   808FH     0001H     ABSOLUTE     
            XDATA   8090H     0001H     ABSOLUTE     
            XDATA   8091H     0001H     ABSOLUTE     
            XDATA   8092H     0001H     ABSOLUTE     
            XDATA   8093H     0001H     ABSOLUTE     
            XDATA   8094H     0001H     ABSOLUTE     
            XDATA   8095H     0001H     ABSOLUTE     
            XDATA   8096H     0001H     ABSOLUTE     
            XDATA   8097H     0001H     ABSOLUTE     
            XDATA   8098H     0001H     ABSOLUTE     
            XDATA   8099H     0001H     ABSOLUTE     
            XDATA   809AH     0001H     ABSOLUTE     
            XDATA   809BH     0001H     ABSOLUTE     
            XDATA   809CH     0001H     ABSOLUTE     
            XDATA   809DH     0001H     ABSOLUTE     
            XDATA   809EH     0001H     ABSOLUTE     
            XDATA   809FH     0001H     ABSOLUTE     
            XDATA   80A0H     0001H     ABSOLUTE     
            XDATA   80A1H     0001H     ABSOLUTE     
            XDATA   80A2H     0001H     ABSOLUTE     
                    80A3H     0002H                  *** GAP ***
            XDATA   80A5H     0001H     ABSOLUTE     
                    80A6H     0004H                  *** GAP ***
BL51 BANKED LINKER/LOCATER V5.12                                                      11/26/2018  18:59:04  PAGE 8


            XDATA   80AAH     0001H     ABSOLUTE     
            XDATA   80ABH     0001H     ABSOLUTE     
                    80ACH     0001H                  *** GAP ***
            XDATA   80ADH     0001H     ABSOLUTE     
            XDATA   80AEH     0001H     ABSOLUTE     
            XDATA   80AFH     0001H     ABSOLUTE     
            XDATA   80B0H     0001H     ABSOLUTE     
            XDATA   80B1H     0001H     ABSOLUTE     
            XDATA   80B2H     0001H     ABSOLUTE     
            XDATA   80B3H     0001H     ABSOLUTE     
            XDATA   80B4H     0001H     ABSOLUTE     
            XDATA   80B5H     0001H     ABSOLUTE     
            XDATA   80B6H     0001H     ABSOLUTE     
            XDATA   80B7H     0001H     ABSOLUTE     
            XDATA   80B8H     0001H     ABSOLUTE     
            XDATA   80B9H     0001H     ABSOLUTE     
            XDATA   80BAH     0001H     ABSOLUTE     
            XDATA   80BBH     0001H     ABSOLUTE     
            XDATA   80BCH     0001H     ABSOLUTE     
            XDATA   80BDH     0001H     ABSOLUTE     
            XDATA   80BEH     0001H     ABSOLUTE     
            XDATA   80BFH     0001H     ABSOLUTE     
            XDATA   80C0H     0001H     ABSOLUTE     
            XDATA   80C1H     0001H     ABSOLUTE     
            XDATA   80C2H     0001H     ABSOLUTE     
            XDATA   80C3H     0001H     ABSOLUTE     
            XDATA   80C4H     0001H     ABSOLUTE     
            XDATA   80C5H     0001H     ABSOLUTE     
            XDATA   80C6H     0001H     ABSOLUTE     
            XDATA   80C7H     0001H     ABSOLUTE     
            XDATA   80C8H     0001H     ABSOLUTE     
            XDATA   80C9H     0001H     ABSOLUTE     
            XDATA   80CAH     0001H     ABSOLUTE     
            XDATA   80CBH     0001H     ABSOLUTE     
            XDATA   80CCH     0001H     ABSOLUTE     
            XDATA   80CDH     0001H     ABSOLUTE     
            XDATA   80CEH     0001H     ABSOLUTE     
            XDATA   80CFH     0001H     ABSOLUTE     
            XDATA   80D0H     0001H     ABSOLUTE     
            XDATA   80D1H     0001H     ABSOLUTE     
            XDATA   80D2H     0001H     ABSOLUTE     
            XDATA   80D3H     0001H     ABSOLUTE     
            XDATA   80D4H     0001H     ABSOLUTE     
            XDATA   80D5H     0001H     ABSOLUTE     
            XDATA   80D6H     0001H     ABSOLUTE     
            XDATA   80D7H     0001H     ABSOLUTE     
            XDATA   80D8H     0001H     ABSOLUTE     
            XDATA   80D9H     0001H     ABSOLUTE     
            XDATA   80DAH     0001H     ABSOLUTE     
            XDATA   80DBH     0001H     ABSOLUTE     
            XDATA   80DCH     0001H     ABSOLUTE     
            XDATA   80DDH     0001H     ABSOLUTE     
            XDATA   80DEH     0001H     ABSOLUTE     
            XDATA   80DFH     0001H     ABSOLUTE     
            XDATA   80E0H     0001H     ABSOLUTE     
            XDATA   80E1H     0001H     ABSOLUTE     
            XDATA   80E2H     0001H     ABSOLUTE     
BL51 BANKED LINKER/LOCATER V5.12                                                      11/26/2018  18:59:04  PAGE 9


            XDATA   80E3H     0001H     ABSOLUTE     
            XDATA   80E4H     0001H     ABSOLUTE     
                    80E5H     0001H                  *** GAP ***
            XDATA   80E6H     0001H     ABSOLUTE     
            XDATA   80E7H     0001H     ABSOLUTE     
            XDATA   80E8H     0001H     ABSOLUTE     
            XDATA   80E9H     0001H     ABSOLUTE     
            XDATA   80EAH     0001H     ABSOLUTE     
            XDATA   80EBH     0001H     ABSOLUTE     
            XDATA   80ECH     0001H     ABSOLUTE     
            XDATA   80EDH     0001H     ABSOLUTE     
            XDATA   80EEH     0001H     ABSOLUTE     
            XDATA   80EFH     0001H     ABSOLUTE     
            XDATA   80F0H     0001H     ABSOLUTE     
            XDATA   80F1H     0001H     ABSOLUTE     
            XDATA   80F2H     0001H     ABSOLUTE     
            XDATA   80F3H     0001H     ABSOLUTE     
            XDATA   80F4H     0001H     ABSOLUTE     
            XDATA   80F5H     0001H     ABSOLUTE     
                    80F6H     0001H                  *** GAP ***
            XDATA   80F7H     0001H     ABSOLUTE     
            XDATA   80F8H     0001H     ABSOLUTE     
            XDATA   80F9H     0001H     ABSOLUTE     
            XDATA   80FAH     0001H     ABSOLUTE     
            XDATA   80FBH     0001H     ABSOLUTE     
            XDATA   80FCH     0001H     ABSOLUTE     
            XDATA   80FDH     0001H     ABSOLUTE     
                    80FEH     0001H                  *** GAP ***
            XDATA   80FFH     0001H     ABSOLUTE     
            XDATA   8100H     0001H     ABSOLUTE     
            XDATA   8101H     0001H     ABSOLUTE     
            XDATA   8102H     0001H     ABSOLUTE     
            XDATA   8103H     0001H     ABSOLUTE     
            XDATA   8104H     0001H     ABSOLUTE     
            XDATA   8105H     0001H     ABSOLUTE     
            XDATA   8106H     0001H     ABSOLUTE     
            XDATA   8107H     0001H     ABSOLUTE     
            XDATA   8108H     0001H     ABSOLUTE     
            XDATA   8109H     0001H     ABSOLUTE     
            XDATA   810AH     0001H     ABSOLUTE     
            XDATA   810BH     0001H     ABSOLUTE     
            XDATA   810CH     0001H     ABSOLUTE     
            XDATA   810DH     0001H     ABSOLUTE     
            XDATA   810EH     0001H     ABSOLUTE     
            XDATA   810FH     0001H     ABSOLUTE     
            XDATA   8110H     0001H     ABSOLUTE     
            XDATA   8111H     0001H     ABSOLUTE     
            XDATA   8112H     0001H     ABSOLUTE     
            XDATA   8113H     0001H     ABSOLUTE     
            XDATA   8114H     0001H     ABSOLUTE     
            XDATA   8115H     0001H     ABSOLUTE     
            XDATA   8116H     0001H     ABSOLUTE     
            XDATA   8117H     0001H     ABSOLUTE     
            XDATA   8118H     0001H     ABSOLUTE     
            XDATA   8119H     0001H     ABSOLUTE     
                    811AH     0001H                  *** GAP ***
            XDATA   811BH     0001H     ABSOLUTE     
BL51 BANKED LINKER/LOCATER V5.12                                                      11/26/2018  18:59:04  PAGE 10


                    811CH     0002H                  *** GAP ***
            XDATA   811EH     0001H     ABSOLUTE     
            XDATA   811FH     0001H     ABSOLUTE     
            XDATA   8120H     0001H     ABSOLUTE     
            XDATA   8121H     0001H     ABSOLUTE     
            XDATA   8122H     0001H     ABSOLUTE     
            XDATA   8123H     0001H     ABSOLUTE     
            XDATA   8124H     0001H     ABSOLUTE     
            XDATA   8125H     0001H     ABSOLUTE     
            XDATA   8126H     0001H     ABSOLUTE     
            XDATA   8127H     0001H     ABSOLUTE     
            XDATA   8128H     0001H     ABSOLUTE     
                    8129H     0002H                  *** GAP ***
            XDATA   812BH     0001H     ABSOLUTE     
            XDATA   812CH     0001H     ABSOLUTE     
            XDATA   812DH     0001H     ABSOLUTE     
            XDATA   812EH     0001H     ABSOLUTE     
            XDATA   812FH     0001H     ABSOLUTE     
            XDATA   8130H     0001H     ABSOLUTE     
            XDATA   8131H     0001H     ABSOLUTE     
            XDATA   8132H     0001H     ABSOLUTE     
            XDATA   8133H     0001H     ABSOLUTE     
            XDATA   8134H     0001H     ABSOLUTE     
            XDATA   8135H     0001H     ABSOLUTE     
            XDATA   8136H     0001H     ABSOLUTE     
            XDATA   8137H     0001H     ABSOLUTE     
            XDATA   8138H     0001H     ABSOLUTE     
            XDATA   8139H     0001H     ABSOLUTE     
            XDATA   813AH     0001H     ABSOLUTE     
            XDATA   813BH     0001H     ABSOLUTE     
                    813CH     000EH                  *** GAP ***
            XDATA   814AH     0001H     ABSOLUTE     
            XDATA   814BH     0001H     ABSOLUTE     
            XDATA   814CH     0001H     ABSOLUTE     
            XDATA   814DH     0001H     ABSOLUTE     
            XDATA   814EH     0001H     ABSOLUTE     
            XDATA   814FH     0001H     ABSOLUTE     
            XDATA   8150H     0001H     ABSOLUTE     
            XDATA   8151H     0001H     ABSOLUTE     
            XDATA   8152H     0001H     ABSOLUTE     
            XDATA   8153H     0001H     ABSOLUTE     
            XDATA   8154H     0001H     ABSOLUTE     
            XDATA   8155H     0001H     ABSOLUTE     
            XDATA   8156H     0001H     ABSOLUTE     
            XDATA   8157H     0001H     ABSOLUTE     
            XDATA   8158H     0001H     ABSOLUTE     
            XDATA   8159H     0001H     ABSOLUTE     
            XDATA   815AH     0001H     ABSOLUTE     
            XDATA   815BH     0001H     ABSOLUTE     
            XDATA   815CH     0001H     ABSOLUTE     
            XDATA   815DH     0001H     ABSOLUTE     
            XDATA   815EH     0001H     ABSOLUTE     
            XDATA   815FH     0001H     ABSOLUTE     
            XDATA   8160H     0001H     ABSOLUTE     
            XDATA   8161H     0001H     ABSOLUTE     
            XDATA   8162H     0001H     ABSOLUTE     
            XDATA   8163H     0001H     ABSOLUTE     
BL51 BANKED LINKER/LOCATER V5.12                                                      11/26/2018  18:59:04  PAGE 11


            XDATA   8164H     0001H     ABSOLUTE     
            XDATA   8165H     0001H     ABSOLUTE     
            XDATA   8166H     0001H     ABSOLUTE     
            XDATA   8167H     0001H     ABSOLUTE     
            XDATA   8168H     0001H     ABSOLUTE     
            XDATA   8169H     0001H     ABSOLUTE     
            XDATA   816AH     0001H     ABSOLUTE     
            XDATA   816BH     0001H     ABSOLUTE     
            XDATA   816CH     0001H     ABSOLUTE     
            XDATA   816DH     0001H     ABSOLUTE     
            XDATA   816EH     0001H     ABSOLUTE     
            XDATA   816FH     0001H     ABSOLUTE     
            XDATA   8170H     0001H     ABSOLUTE     
            XDATA   8171H     0001H     ABSOLUTE     
            XDATA   8172H     0001H     ABSOLUTE     
            XDATA   8173H     0001H     ABSOLUTE     
            XDATA   8174H     0001H     ABSOLUTE     
            XDATA   8175H     0001H     ABSOLUTE     
            XDATA   8176H     0001H     ABSOLUTE     
            XDATA   8177H     0001H     ABSOLUTE     
            XDATA   8178H     0001H     ABSOLUTE     
            XDATA   8179H     0001H     ABSOLUTE     
            XDATA   817AH     0001H     ABSOLUTE     
                    817BH     0003H                  *** GAP ***
            XDATA   817EH     0001H     ABSOLUTE     
                    817FH     0003H                  *** GAP ***
            XDATA   8182H     0001H     ABSOLUTE     
            XDATA   8183H     0001H     ABSOLUTE     
            XDATA   8184H     0001H     ABSOLUTE     
            XDATA   8185H     0001H     ABSOLUTE     
            XDATA   8186H     0001H     ABSOLUTE     
            XDATA   8187H     0001H     ABSOLUTE     
            XDATA   8188H     0001H     ABSOLUTE     
            XDATA   8189H     0001H     ABSOLUTE     
            XDATA   818AH     0001H     ABSOLUTE     
            XDATA   818BH     0001H     ABSOLUTE     
                    818CH     0001H                  *** GAP ***
            XDATA   818DH     0001H     ABSOLUTE     
            XDATA   818EH     0001H     ABSOLUTE     
            XDATA   818FH     0001H     ABSOLUTE     
            XDATA   8190H     0001H     ABSOLUTE     
            XDATA   8191H     0001H     ABSOLUTE     
                    8192H     0004H                  *** GAP ***
            XDATA   8196H     0001H     ABSOLUTE     
            XDATA   8197H     0001H     ABSOLUTE     
            XDATA   8198H     0001H     ABSOLUTE     
            XDATA   8199H     0001H     ABSOLUTE     
            XDATA   819AH     0001H     ABSOLUTE     
            XDATA   819BH     0001H     ABSOLUTE     
            XDATA   819CH     0001H     ABSOLUTE     
            XDATA   819DH     0001H     ABSOLUTE     
            XDATA   819EH     0001H     ABSOLUTE     
            XDATA   819FH     0001H     ABSOLUTE     
            XDATA   81A0H     0001H     ABSOLUTE     
            XDATA   81A1H     0001H     ABSOLUTE     
            XDATA   81A2H     0001H     ABSOLUTE     
            XDATA   81A3H     0001H     ABSOLUTE     
BL51 BANKED LINKER/LOCATER V5.12                                                      11/26/2018  18:59:04  PAGE 12


            XDATA   81A4H     0001H     ABSOLUTE     
            XDATA   81A5H     0001H     ABSOLUTE     
            XDATA   81A6H     0001H     ABSOLUTE     
            XDATA   81A7H     0001H     ABSOLUTE     
            XDATA   81A8H     0001H     ABSOLUTE     
            XDATA   81A9H     0001H     ABSOLUTE     
            XDATA   81AAH     0001H     ABSOLUTE     
            XDATA   81ABH     0001H     ABSOLUTE     
            XDATA   81ACH     0001H     ABSOLUTE     
            XDATA   81ADH     0001H     ABSOLUTE     
            XDATA   81AEH     0001H     ABSOLUTE     
            XDATA   81AFH     0001H     ABSOLUTE     
            XDATA   81B0H     0001H     ABSOLUTE     
            XDATA   81B1H     0001H     ABSOLUTE     
            XDATA   81B2H     0001H     ABSOLUTE     
            XDATA   81B3H     0001H     ABSOLUTE     
            XDATA   81B4H     0001H     ABSOLUTE     
            XDATA   81B5H     0001H     ABSOLUTE     
            XDATA   81B6H     0001H     ABSOLUTE     
                    81B7H     0001H                  *** GAP ***
            XDATA   81B8H     0001H     ABSOLUTE     
            XDATA   81B9H     0001H     ABSOLUTE     
            XDATA   81BAH     0001H     ABSOLUTE     
            XDATA   81BBH     0001H     ABSOLUTE     
            XDATA   81BCH     0001H     ABSOLUTE     
            XDATA   81BDH     0001H     ABSOLUTE     
            XDATA   81BEH     0001H     ABSOLUTE     
            XDATA   81BFH     0001H     ABSOLUTE     
            XDATA   81C0H     0001H     ABSOLUTE     
            XDATA   81C1H     0001H     ABSOLUTE     
            XDATA   81C2H     0001H     ABSOLUTE     
            XDATA   81C3H     0001H     ABSOLUTE     
            XDATA   81C4H     0001H     ABSOLUTE     
            XDATA   81C5H     0001H     ABSOLUTE     
            XDATA   81C6H     0001H     ABSOLUTE     
            XDATA   81C7H     0001H     ABSOLUTE     
            XDATA   81C8H     0001H     ABSOLUTE     
            XDATA   81C9H     0001H     ABSOLUTE     
            XDATA   81CAH     0001H     ABSOLUTE     
            XDATA   81CBH     0001H     ABSOLUTE     
            XDATA   81CCH     0001H     ABSOLUTE     
            XDATA   81CDH     0001H     ABSOLUTE     
            XDATA   81CEH     0001H     ABSOLUTE     
            XDATA   81CFH     0001H     ABSOLUTE     
            XDATA   81D0H     0001H     ABSOLUTE     
            XDATA   81D1H     0001H     ABSOLUTE     
            XDATA   81D2H     0001H     ABSOLUTE     
            XDATA   81D3H     0001H     ABSOLUTE     
            XDATA   81D4H     0001H     ABSOLUTE     
            XDATA   81D5H     0001H     ABSOLUTE     
            XDATA   81D6H     0001H     ABSOLUTE     
            XDATA   81D7H     0001H     ABSOLUTE     
            XDATA   81D8H     0001H     ABSOLUTE     
            XDATA   81D9H     0001H     ABSOLUTE     
            XDATA   81DAH     0001H     ABSOLUTE     
            XDATA   81DBH     0001H     ABSOLUTE     
            XDATA   81DCH     0001H     ABSOLUTE     
BL51 BANKED LINKER/LOCATER V5.12                                                      11/26/2018  18:59:04  PAGE 13


            XDATA   81DDH     0001H     ABSOLUTE     
            XDATA   81DEH     0001H     ABSOLUTE     
            XDATA   81DFH     0001H     ABSOLUTE     
            XDATA   81E0H     0001H     ABSOLUTE     
            XDATA   81E1H     0001H     ABSOLUTE     
            XDATA   81E2H     0001H     ABSOLUTE     
            XDATA   81E3H     0001H     ABSOLUTE     
            XDATA   81E4H     0001H     ABSOLUTE     
            XDATA   81E5H     0001H     ABSOLUTE     
            XDATA   81E6H     0001H     ABSOLUTE     
            XDATA   81E7H     0001H     ABSOLUTE     
            XDATA   81E8H     0001H     ABSOLUTE     
            XDATA   81E9H     0001H     ABSOLUTE     
            XDATA   81EAH     0001H     ABSOLUTE     
            XDATA   81EBH     0001H     ABSOLUTE     
                    81ECH     0001H                  *** GAP ***
            XDATA   81EDH     0001H     ABSOLUTE     
            XDATA   81EEH     0001H     ABSOLUTE     
            XDATA   81EFH     0001H     ABSOLUTE     
            XDATA   81F0H     0001H     ABSOLUTE     
            XDATA   81F1H     0001H     ABSOLUTE     
            XDATA   81F2H     0001H     ABSOLUTE     
            XDATA   81F3H     0001H     ABSOLUTE     
            XDATA   81F4H     0001H     ABSOLUTE     
            XDATA   81F5H     0001H     ABSOLUTE     
            XDATA   81F6H     0001H     ABSOLUTE     
            XDATA   81F7H     0001H     ABSOLUTE     
            XDATA   81F8H     0001H     ABSOLUTE     
            XDATA   81F9H     0001H     ABSOLUTE     
            XDATA   81FAH     0001H     ABSOLUTE     
            XDATA   81FBH     0001H     ABSOLUTE     
            XDATA   81FCH     0001H     ABSOLUTE     
            XDATA   81FDH     0001H     ABSOLUTE     
            XDATA   81FEH     0001H     ABSOLUTE     
                    81FFH     0001H                  *** GAP ***
            XDATA   8200H     0001H     ABSOLUTE     
            XDATA   8201H     0001H     ABSOLUTE     
            XDATA   8202H     0001H     ABSOLUTE     
            XDATA   8203H     0001H     ABSOLUTE     
            XDATA   8204H     0001H     ABSOLUTE     
            XDATA   8205H     0001H     ABSOLUTE     
            XDATA   8206H     0001H     ABSOLUTE     
            XDATA   8207H     0001H     ABSOLUTE     
            XDATA   8208H     0001H     ABSOLUTE     
            XDATA   8209H     0001H     ABSOLUTE     
            XDATA   820AH     0001H     ABSOLUTE     
            XDATA   820BH     0001H     ABSOLUTE     
            XDATA   820CH     0001H     ABSOLUTE     
            XDATA   820DH     0001H     ABSOLUTE     
            XDATA   820EH     0001H     ABSOLUTE     
            XDATA   820FH     0001H     ABSOLUTE     
                    8210H     0070H                  *** GAP ***
            XDATA   8280H     0001H     ABSOLUTE     
            XDATA   8281H     0001H     ABSOLUTE     
            XDATA   8282H     0001H     ABSOLUTE     
            XDATA   8283H     0001H     ABSOLUTE     
            XDATA   8284H     0001H     ABSOLUTE     
BL51 BANKED LINKER/LOCATER V5.12                                                      11/26/2018  18:59:04  PAGE 14


            XDATA   8285H     0001H     ABSOLUTE     
            XDATA   8286H     0001H     ABSOLUTE     
            XDATA   8287H     0001H     ABSOLUTE     
            XDATA   8288H     0001H     ABSOLUTE     
            XDATA   8289H     0001H     ABSOLUTE     
            XDATA   828AH     0001H     ABSOLUTE     
            XDATA   828BH     0001H     ABSOLUTE     
            XDATA   828CH     0001H     ABSOLUTE     
                    828DH     0013H                  *** GAP ***
            XDATA   82A0H     0001H     ABSOLUTE     
            XDATA   82A1H     0001H     ABSOLUTE     
            XDATA   82A2H     0001H     ABSOLUTE     
            XDATA   82A3H     0001H     ABSOLUTE     
                    82A4H     0002H                  *** GAP ***
            XDATA   82A6H     0001H     ABSOLUTE     
                    82A7H     0003H                  *** GAP ***
            XDATA   82AAH     0001H     ABSOLUTE     
            XDATA   82ABH     0001H     ABSOLUTE     
            XDATA   82ACH     0001H     ABSOLUTE     
                    82ADH     0001H                  *** GAP ***
            XDATA   82AEH     0001H     ABSOLUTE     
                    82AFH     0001H                  *** GAP ***
            XDATA   82B0H     0001H     ABSOLUTE     
            XDATA   82B1H     0001H     ABSOLUTE     
            XDATA   82B2H     0001H     ABSOLUTE     
                    82B3H     0002H                  *** GAP ***
            XDATA   82B5H     0001H     ABSOLUTE     
            XDATA   82B6H     0001H     ABSOLUTE     
                    82B7H     0009H                  *** GAP ***
            XDATA   82C0H     0001H     ABSOLUTE     
            XDATA   82C1H     0001H     ABSOLUTE     
            XDATA   82C2H     0001H     ABSOLUTE     
                    82C3H     0005H                  *** GAP ***
            XDATA   82C8H     0001H     ABSOLUTE     
                    82C9H     0003H                  *** GAP ***
            XDATA   82CCH     0001H     ABSOLUTE     
            XDATA   82CDH     0001H     ABSOLUTE     
            XDATA   82CEH     0001H     ABSOLUTE     
            XDATA   82CFH     0001H     ABSOLUTE     
                    82D0H     0001H                  *** GAP ***
            XDATA   82D1H     0001H     ABSOLUTE     
            XDATA   82D2H     0001H     ABSOLUTE     
                    82D3H     000DH                  *** GAP ***
            XDATA   82E0H     0001H     ABSOLUTE     
            XDATA   82E1H     0001H     ABSOLUTE     
            XDATA   82E2H     0001H     ABSOLUTE     
                    82E3H     000DH                  *** GAP ***
            XDATA   82F0H     0001H     ABSOLUTE     
            XDATA   82F1H     0001H     ABSOLUTE     
                    82F2H     000EH                  *** GAP ***
            XDATA   8300H     0001H     ABSOLUTE     
            XDATA   8301H     0001H     ABSOLUTE     
            XDATA   8302H     0001H     ABSOLUTE     
            XDATA   8303H     0001H     ABSOLUTE     
            XDATA   8304H     0001H     ABSOLUTE     
            XDATA   8305H     0001H     ABSOLUTE     
            XDATA   8306H     0001H     ABSOLUTE     
BL51 BANKED LINKER/LOCATER V5.12                                                      11/26/2018  18:59:04  PAGE 15


                    8307H     0001H                  *** GAP ***
            XDATA   8308H     0001H     ABSOLUTE     
            XDATA   8309H     0001H     ABSOLUTE     
                    830AH     0006H                  *** GAP ***
            XDATA   8310H     0001H     ABSOLUTE     
            XDATA   8311H     0001H     ABSOLUTE     
                    8312H     0005H                  *** GAP ***
            XDATA   8317H     0001H     ABSOLUTE     
                    8318H     0014H                  *** GAP ***
            XDATA   832CH     0001H     ABSOLUTE     
                    832DH     0002H                  *** GAP ***
            XDATA   832FH     0001H     ABSOLUTE     
            XDATA   8330H     0001H     ABSOLUTE     
            XDATA   8331H     0001H     ABSOLUTE     
            XDATA   8332H     0001H     ABSOLUTE     
            XDATA   8333H     0001H     ABSOLUTE     
            XDATA   8334H     0001H     ABSOLUTE     
            XDATA   8335H     0001H     ABSOLUTE     
            XDATA   8336H     0001H     ABSOLUTE     
            XDATA   8337H     0001H     ABSOLUTE     
            XDATA   8338H     0001H     ABSOLUTE     
            XDATA   8339H     0001H     ABSOLUTE     
            XDATA   833AH     0001H     ABSOLUTE     
            XDATA   833BH     0001H     ABSOLUTE     
            XDATA   833CH     0001H     ABSOLUTE     
            XDATA   833DH     0001H     ABSOLUTE     
            XDATA   833EH     0001H     ABSOLUTE     
            XDATA   833FH     0001H     ABSOLUTE     
            XDATA   8340H     0001H     ABSOLUTE     
            XDATA   8341H     0001H     ABSOLUTE     
            XDATA   8342H     0001H     ABSOLUTE     
            XDATA   8343H     0001H     ABSOLUTE     
            XDATA   8344H     0001H     ABSOLUTE     
            XDATA   8345H     0001H     ABSOLUTE     
            XDATA   8346H     0001H     ABSOLUTE     
                    8347H     0001H                  *** GAP ***
            XDATA   8348H     0001H     ABSOLUTE     
            XDATA   8349H     0001H     ABSOLUTE     
                    834AH     0006H                  *** GAP ***
            XDATA   8350H     0001H     ABSOLUTE     
            XDATA   8351H     0001H     ABSOLUTE     
                    8352H     0005H                  *** GAP ***
            XDATA   8357H     0001H     ABSOLUTE     
                    8358H     0019H                  *** GAP ***
            XDATA   8371H     0001H     ABSOLUTE     
                    8372H     0006H                  *** GAP ***
            XDATA   8378H     0001H     ABSOLUTE     
            XDATA   8379H     0001H     ABSOLUTE     
            XDATA   837AH     0001H     ABSOLUTE     
                    837BH     0011H                  *** GAP ***
            XDATA   838CH     0001H     ABSOLUTE     
                    838DH     0003H                  *** GAP ***
            XDATA   8390H     0001H     ABSOLUTE     
            XDATA   8391H     0001H     ABSOLUTE     
            XDATA   8392H     0001H     ABSOLUTE     
            XDATA   8393H     0001H     ABSOLUTE     
            XDATA   8394H     0001H     ABSOLUTE     
BL51 BANKED LINKER/LOCATER V5.12                                                      11/26/2018  18:59:04  PAGE 16


                    8395H     000BH                  *** GAP ***
            XDATA   83A0H     0001H     ABSOLUTE     
            XDATA   83A1H     0001H     ABSOLUTE     
            XDATA   83A2H     0001H     ABSOLUTE     
            XDATA   83A3H     0001H     ABSOLUTE     
            XDATA   83A4H     0001H     ABSOLUTE     
            XDATA   83A5H     0001H     ABSOLUTE     
                    83A6H     000AH                  *** GAP ***
            XDATA   83B0H     0001H     ABSOLUTE     
            XDATA   83B1H     0001H     ABSOLUTE     
            XDATA   83B2H     0001H     ABSOLUTE     
                    83B3H     000DH                  *** GAP ***
            XDATA   83C0H     0001H     ABSOLUTE     
            XDATA   83C1H     0001H     ABSOLUTE     
            XDATA   83C2H     0001H     ABSOLUTE     
            XDATA   83C3H     0001H     ABSOLUTE     
            XDATA   83C4H     0001H     ABSOLUTE     
            XDATA   83C5H     0001H     ABSOLUTE     
            XDATA   83C6H     0001H     ABSOLUTE     
            XDATA   83C7H     0001H     ABSOLUTE     
            XDATA   83C8H     0001H     ABSOLUTE     
            XDATA   83C9H     0001H     ABSOLUTE     
                    83CAH     0002H                  *** GAP ***
            XDATA   83CCH     0001H     ABSOLUTE     
            XDATA   83CDH     0001H     ABSOLUTE     
            XDATA   83CEH     0001H     ABSOLUTE     
            XDATA   83CFH     0001H     ABSOLUTE     
                    83D0H     0023H                  *** GAP ***
            XDATA   83F3H     0001H     ABSOLUTE     
                    83F4H     0007H                  *** GAP ***
            XDATA   83FBH     0001H     ABSOLUTE     
                    83FCH     0034H                  *** GAP ***
            XDATA   8430H     0001H     ABSOLUTE     
            XDATA   8431H     0001H     ABSOLUTE     
            XDATA   8432H     0001H     ABSOLUTE     
            XDATA   8433H     0001H     ABSOLUTE     
            XDATA   8434H     0001H     ABSOLUTE     
            XDATA   8435H     0001H     ABSOLUTE     
            XDATA   8436H     0001H     ABSOLUTE     
            XDATA   8437H     0001H     ABSOLUTE     
            XDATA   8438H     0001H     ABSOLUTE     
            XDATA   8439H     0001H     ABSOLUTE     
                    843AH     0001H                  *** GAP ***
            XDATA   843BH     0001H     ABSOLUTE     
                    843CH     0001H                  *** GAP ***
            XDATA   843DH     0001H     ABSOLUTE     
            XDATA   843EH     0001H     ABSOLUTE     
            XDATA   843FH     0001H     ABSOLUTE     
                    8440H     0001H                  *** GAP ***
            XDATA   8441H     0001H     ABSOLUTE     
            XDATA   8442H     0001H     ABSOLUTE     
            XDATA   8443H     0001H     ABSOLUTE     
            XDATA   8444H     0001H     ABSOLUTE     
            XDATA   8445H     0001H     ABSOLUTE     
            XDATA   8446H     0001H     ABSOLUTE     
                    8447H     0001H                  *** GAP ***
            XDATA   8448H     0001H     ABSOLUTE     
BL51 BANKED LINKER/LOCATER V5.12                                                      11/26/2018  18:59:04  PAGE 17


            XDATA   8449H     0001H     ABSOLUTE     
            XDATA   844AH     0001H     ABSOLUTE     
            XDATA   844BH     0001H     ABSOLUTE     
            XDATA   844CH     0001H     ABSOLUTE     
            XDATA   844DH     0001H     ABSOLUTE     
            XDATA   844EH     0001H     ABSOLUTE     
            XDATA   844FH     0001H     ABSOLUTE     
            XDATA   8450H     0001H     ABSOLUTE     
            XDATA   8451H     0001H     ABSOLUTE     
            XDATA   8452H     0001H     ABSOLUTE     
            XDATA   8453H     0001H     ABSOLUTE     
            XDATA   8454H     0001H     ABSOLUTE     
            XDATA   8455H     0001H     ABSOLUTE     
            XDATA   8456H     0001H     ABSOLUTE     
            XDATA   8457H     0001H     ABSOLUTE     
            XDATA   8458H     0001H     ABSOLUTE     
            XDATA   8459H     0001H     ABSOLUTE     
            XDATA   845AH     0001H     ABSOLUTE     
            XDATA   845BH     0001H     ABSOLUTE     
            XDATA   845CH     0001H     ABSOLUTE     
            XDATA   845DH     0001H     ABSOLUTE     
            XDATA   845EH     0001H     ABSOLUTE     
            XDATA   845FH     0001H     ABSOLUTE     
                    8460H     0020H                  *** GAP ***
            XDATA   8480H     0001H     ABSOLUTE     
                    8481H     0008H                  *** GAP ***
            XDATA   8489H     0001H     ABSOLUTE     
            XDATA   848AH     0001H     ABSOLUTE     
            XDATA   848BH     0001H     ABSOLUTE     
            XDATA   848CH     0001H     ABSOLUTE     
                    848DH     0003H                  *** GAP ***
            XDATA   8490H     0001H     ABSOLUTE     
            XDATA   8491H     0001H     ABSOLUTE     
                    8492H     0006H                  *** GAP ***
            XDATA   8498H     0001H     ABSOLUTE     
            XDATA   8499H     0001H     ABSOLUTE     
            XDATA   849AH     0001H     ABSOLUTE     
            XDATA   849BH     0001H     ABSOLUTE     
            XDATA   849CH     0001H     ABSOLUTE     
                    849DH     0003H                  *** GAP ***
            XDATA   84A0H     0001H     ABSOLUTE     
                    84A1H     000FH                  *** GAP ***
            XDATA   84B0H     0001H     ABSOLUTE     
                    84B1H     0007H                  *** GAP ***
            XDATA   84B8H     0001H     ABSOLUTE     
            XDATA   84B9H     0001H     ABSOLUTE     
                    84BAH     0006H                  *** GAP ***
            XDATA   84C0H     0001H     ABSOLUTE     
            XDATA   84C1H     0001H     ABSOLUTE     
            XDATA   84C2H     0001H     ABSOLUTE     
            XDATA   84C3H     0001H     ABSOLUTE     
            XDATA   84C4H     0001H     ABSOLUTE     
            XDATA   84C5H     0001H     ABSOLUTE     
            XDATA   84C6H     0001H     ABSOLUTE     
            XDATA   84C7H     0001H     ABSOLUTE     
            XDATA   84C8H     0001H     ABSOLUTE     
            XDATA   84C9H     0001H     ABSOLUTE     
BL51 BANKED LINKER/LOCATER V5.12                                                      11/26/2018  18:59:04  PAGE 18


                    84CAH     0026H                  *** GAP ***
            XDATA   84F0H     0001H     ABSOLUTE     
            XDATA   84F1H     0001H     ABSOLUTE     
            XDATA   84F2H     0001H     ABSOLUTE     
                    84F3H     0015H                  *** GAP ***
            XDATA   8508H     0001H     ABSOLUTE     
            XDATA   8509H     0001H     ABSOLUTE     
            XDATA   850AH     0001H     ABSOLUTE     
                    850BH     0003H                  *** GAP ***
            XDATA   850EH     0001H     ABSOLUTE     
            XDATA   850FH     0001H     ABSOLUTE     
            XDATA   8510H     0001H     ABSOLUTE     
                    8511H     0003H                  *** GAP ***
            XDATA   8514H     0001H     ABSOLUTE     
            XDATA   8515H     0001H     ABSOLUTE     
            XDATA   8516H     0001H     ABSOLUTE     
                    8517H     0029H                  *** GAP ***
            XDATA   8540H     0001H     ABSOLUTE     
            XDATA   8541H     0001H     ABSOLUTE     
            XDATA   8542H     0001H     ABSOLUTE     
            XDATA   8543H     0001H     ABSOLUTE     
            XDATA   8544H     0001H     ABSOLUTE     
            XDATA   8545H     0001H     ABSOLUTE     
            XDATA   8546H     0001H     ABSOLUTE     
            XDATA   8547H     0001H     ABSOLUTE     
            XDATA   8548H     0001H     ABSOLUTE     
            XDATA   8549H     0001H     ABSOLUTE     
            XDATA   854AH     0001H     ABSOLUTE     
            XDATA   854BH     0001H     ABSOLUTE     
            XDATA   854CH     0001H     ABSOLUTE     
            XDATA   854DH     0001H     ABSOLUTE     
            XDATA   854EH     0001H     ABSOLUTE     
            XDATA   854FH     0001H     ABSOLUTE     
            XDATA   8550H     0001H     ABSOLUTE     
            XDATA   8551H     0001H     ABSOLUTE     
            XDATA   8552H     0001H     ABSOLUTE     
            XDATA   8553H     0001H     ABSOLUTE     
            XDATA   8554H     0001H     ABSOLUTE     
            XDATA   8555H     0001H     ABSOLUTE     
            XDATA   8556H     0001H     ABSOLUTE     
            XDATA   8557H     0001H     ABSOLUTE     
            XDATA   8558H     0001H     ABSOLUTE     
            XDATA   8559H     0001H     ABSOLUTE     
                    855AH     0005H                  *** GAP ***
            XDATA   855FH     0001H     ABSOLUTE     
                    8560H     0020H                  *** GAP ***
            XDATA   8580H     0001H     ABSOLUTE     
            XDATA   8581H     0001H     ABSOLUTE     
            XDATA   8582H     0001H     ABSOLUTE     
            XDATA   8583H     0001H     ABSOLUTE     
            XDATA   8584H     0001H     ABSOLUTE     
            XDATA   8585H     0001H     ABSOLUTE     
            XDATA   8586H     0001H     ABSOLUTE     
            XDATA   8587H     0001H     ABSOLUTE     
            XDATA   8588H     0001H     ABSOLUTE     
            XDATA   8589H     0001H     ABSOLUTE     
            XDATA   858AH     0001H     ABSOLUTE     
BL51 BANKED LINKER/LOCATER V5.12                                                      11/26/2018  18:59:04  PAGE 19


            XDATA   858BH     0001H     ABSOLUTE     
                    858CH     0003H                  *** GAP ***
            XDATA   858FH     0001H     ABSOLUTE     
                    8590H     0004H                  *** GAP ***
            XDATA   8594H     0001H     ABSOLUTE     
            XDATA   8595H     0001H     ABSOLUTE     
            XDATA   8596H     0001H     ABSOLUTE     
            XDATA   8597H     0001H     ABSOLUTE     
            XDATA   8598H     0001H     ABSOLUTE     
            XDATA   8599H     0001H     ABSOLUTE     
            XDATA   859AH     0001H     ABSOLUTE     
                    859BH     0001H                  *** GAP ***
            XDATA   859CH     0001H     ABSOLUTE     
            XDATA   859DH     0001H     ABSOLUTE     
            XDATA   859EH     0001H     ABSOLUTE     
                    859FH     0001H                  *** GAP ***
            XDATA   85A0H     0001H     ABSOLUTE     
            XDATA   85A1H     0001H     ABSOLUTE     
            XDATA   85A2H     0001H     ABSOLUTE     
            XDATA   85A3H     0001H     ABSOLUTE     
            XDATA   85A4H     0001H     ABSOLUTE     
            XDATA   85A5H     0001H     ABSOLUTE     
            XDATA   85A6H     0001H     ABSOLUTE     
            XDATA   85A7H     0001H     ABSOLUTE     
            XDATA   85A8H     0001H     ABSOLUTE     
            XDATA   85A9H     0001H     ABSOLUTE     
            XDATA   85AAH     0001H     ABSOLUTE     
            XDATA   85ABH     0001H     ABSOLUTE     
                    85ACH     0004H                  *** GAP ***
            XDATA   85B0H     0001H     ABSOLUTE     
            XDATA   85B1H     0001H     ABSOLUTE     
            XDATA   85B2H     0001H     ABSOLUTE     
            XDATA   85B3H     0001H     ABSOLUTE     
            XDATA   85B4H     0001H     ABSOLUTE     
            XDATA   85B5H     0001H     ABSOLUTE     
            XDATA   85B6H     0001H     ABSOLUTE     
            XDATA   85B7H     0001H     ABSOLUTE     
            XDATA   85B8H     0001H     ABSOLUTE     
            XDATA   85B9H     0001H     ABSOLUTE     
            XDATA   85BAH     0001H     ABSOLUTE     
            XDATA   85BBH     0001H     ABSOLUTE     
            XDATA   85BCH     0001H     ABSOLUTE     
            XDATA   85BDH     0001H     ABSOLUTE     
            XDATA   85BEH     0001H     ABSOLUTE     
            XDATA   85BFH     0001H     ABSOLUTE     
            XDATA   85C0H     0001H     ABSOLUTE     
            XDATA   85C1H     0001H     ABSOLUTE     
            XDATA   85C2H     0001H     ABSOLUTE     
            XDATA   85C3H     0001H     ABSOLUTE     
            XDATA   85C4H     0001H     ABSOLUTE     
                    85C5H     0027H                  *** GAP ***
            XDATA   85ECH     0001H     ABSOLUTE     
            XDATA   85EDH     0001H     ABSOLUTE     
            XDATA   85EEH     0001H     ABSOLUTE     
            XDATA   85EFH     0001H     ABSOLUTE     
            XDATA   85F0H     0008H     ABSOLUTE     
            XDATA   85F8H     0001H     ABSOLUTE     
BL51 BANKED LINKER/LOCATER V5.12                                                      11/26/2018  18:59:04  PAGE 20


            XDATA   85F9H     0001H     ABSOLUTE     
            XDATA   85FAH     0001H     ABSOLUTE     
                    85FBH     0002H                  *** GAP ***
            XDATA   85FDH     0001H     ABSOLUTE     
                    85FEH     0002H                  *** GAP ***
            XDATA   8600H     0001H     ABSOLUTE     
            XDATA   8601H     0001H     ABSOLUTE     
                    8602H     0003H                  *** GAP ***
            XDATA   8605H     0001H     ABSOLUTE     
                    8606H     0002H                  *** GAP ***
            XDATA   8608H     0001H     ABSOLUTE     
                    8609H     0011H                  *** GAP ***
            XDATA   861AH     0001H     ABSOLUTE     
            XDATA   861BH     0001H     ABSOLUTE     
            XDATA   861CH     0001H     ABSOLUTE     
            XDATA   861DH     0001H     ABSOLUTE     
            XDATA   861EH     0001H     ABSOLUTE     
                    861FH     000FH                  *** GAP ***
            XDATA   862EH     0001H     ABSOLUTE     
                    862FH     0001H                  *** GAP ***
            XDATA   8630H     0001H     ABSOLUTE     
                    8631H     0001H                  *** GAP ***
            XDATA   8632H     0001H     ABSOLUTE     
                    8633H     0007H                  *** GAP ***
            XDATA   863AH     0001H     ABSOLUTE     
            XDATA   863BH     0001H     ABSOLUTE     
            XDATA   863CH     0001H     ABSOLUTE     
            XDATA   863DH     0001H     ABSOLUTE     
                    863EH     0001H                  *** GAP ***
            XDATA   863FH     0001H     ABSOLUTE     
            XDATA   8640H     0001H     ABSOLUTE     
            XDATA   8641H     0001H     ABSOLUTE     
            XDATA   8642H     0001H     ABSOLUTE     
            XDATA   8643H     0001H     ABSOLUTE     
                    8644H     0001H                  *** GAP ***
            XDATA   8645H     0001H     ABSOLUTE     
            XDATA   8646H     0001H     ABSOLUTE     
                    8647H     0002H                  *** GAP ***
            XDATA   8649H     0001H     ABSOLUTE     
                    864AH     0001H                  *** GAP ***
            XDATA   864BH     0001H     ABSOLUTE     
            XDATA   864CH     0001H     ABSOLUTE     
            XDATA   864DH     0001H     ABSOLUTE     
            XDATA   864EH     0001H     ABSOLUTE     
            XDATA   864FH     0001H     ABSOLUTE     
            XDATA   8650H     0001H     ABSOLUTE     
            XDATA   8651H     0001H     ABSOLUTE     
                    8652H     001DH                  *** GAP ***
            XDATA   866FH     0001H     ABSOLUTE     
            XDATA   8670H     0005H     ABSOLUTE     
            XDATA   8675H     0004H     ABSOLUTE     
                    8679H     0002H                  *** GAP ***
            XDATA   867BH     0002H     ABSOLUTE     
            XDATA   867DH     0003H     ABSOLUTE     
                    8680H     0030H                  *** GAP ***
            XDATA   86B0H     0001H     ABSOLUTE     
                    86B1H     0001H                  *** GAP ***
BL51 BANKED LINKER/LOCATER V5.12                                                      11/26/2018  18:59:04  PAGE 21


            XDATA   86B2H     0001H     ABSOLUTE     
            XDATA   86B3H     0001H     ABSOLUTE     
            XDATA   86B4H     0001H     ABSOLUTE     
            XDATA   86B5H     0001H     ABSOLUTE     
            XDATA   86B6H     0003H     ABSOLUTE     
                    86B9H     0019H                  *** GAP ***
            XDATA   86D2H     0001H     ABSOLUTE     
            XDATA   86D3H     0001H     ABSOLUTE     
            XDATA   86D4H     0001H     ABSOLUTE     
            XDATA   86D5H     0001H     ABSOLUTE     
            XDATA   86D6H     0001H     ABSOLUTE     
            XDATA   86D7H     0001H     ABSOLUTE     
            XDATA   86D8H     0001H     ABSOLUTE     
            XDATA   86D9H     0001H     ABSOLUTE     
            XDATA   86DAH     0001H     ABSOLUTE     
            XDATA   86DBH     0001H     ABSOLUTE     
            XDATA   86DCH     0001H     ABSOLUTE     
            XDATA   86DDH     0001H     ABSOLUTE     
            XDATA   86DEH     0001H     ABSOLUTE     
            XDATA   86DFH     0001H     ABSOLUTE     
            XDATA   86E0H     0001H     ABSOLUTE     
            XDATA   86E1H     0001H     ABSOLUTE     
            XDATA   86E2H     0001H     ABSOLUTE     
            XDATA   86E3H     0001H     ABSOLUTE     
                    86E4H     001CH                  *** GAP ***
            XDATA   8700H     0001H     ABSOLUTE     
                    8701H     0002H                  *** GAP ***
            XDATA   8703H     0001H     ABSOLUTE     
            XDATA   8704H     0001H     ABSOLUTE     
            XDATA   8705H     0001H     ABSOLUTE     
            XDATA   8706H     0003H     ABSOLUTE     
            XDATA   8709H     0001H     ABSOLUTE     
            XDATA   870AH     0001H     ABSOLUTE     
            XDATA   870BH     0001H     ABSOLUTE     
            XDATA   870CH     0003H     ABSOLUTE     
                    870FH     0004H                  *** GAP ***
            XDATA   8713H     0001H     ABSOLUTE     
                    8714H     0001H                  *** GAP ***
            XDATA   8715H     0001H     ABSOLUTE     
                    8716H     0001H                  *** GAP ***
            XDATA   8717H     0001H     ABSOLUTE     
                    8718H     0001H                  *** GAP ***
            XDATA   8719H     0001H     ABSOLUTE     
            XDATA   871AH     0001H     ABSOLUTE     
            XDATA   871BH     0001H     ABSOLUTE     
            XDATA   871CH     0001H     ABSOLUTE     
            XDATA   871DH     0001H     ABSOLUTE     
                    871EH     0002H                  *** GAP ***
            XDATA   8720H     0001H     ABSOLUTE     
            XDATA   8721H     0001H     ABSOLUTE     
            XDATA   8722H     0001H     ABSOLUTE     
            XDATA   8723H     0001H     ABSOLUTE     
            XDATA   8724H     0001H     ABSOLUTE     
            XDATA   8725H     0001H     ABSOLUTE     
            XDATA   8726H     0001H     ABSOLUTE     
            XDATA   8727H     0001H     ABSOLUTE     
            XDATA   8728H     0001H     ABSOLUTE     
BL51 BANKED LINKER/LOCATER V5.12                                                      11/26/2018  18:59:04  PAGE 22


            XDATA   8729H     0001H     ABSOLUTE     
            XDATA   872AH     0001H     ABSOLUTE     
                    872BH     0005H                  *** GAP ***
            XDATA   8730H     0001H     ABSOLUTE     
                    8731H     0003H                  *** GAP ***
            XDATA   8734H     0001H     ABSOLUTE     
            XDATA   8735H     0001H     ABSOLUTE     
                    8736H     0001H                  *** GAP ***
            XDATA   8737H     0001H     ABSOLUTE     
                    8738H     0002H                  *** GAP ***
            XDATA   873AH     0001H     ABSOLUTE     
                    873BH     0005H                  *** GAP ***
            XDATA   8740H     0001H     ABSOLUTE     
            XDATA   8741H     0001H     ABSOLUTE     
            XDATA   8742H     0001H     ABSOLUTE     
            XDATA   8743H     0001H     ABSOLUTE     
            XDATA   8744H     000FH     ABSOLUTE     
                    8753H     0031H                  *** GAP ***
            XDATA   8784H     000AH     ABSOLUTE     
                    878EH     0068H                  *** GAP ***
            XDATA   87F6H     0001H     ABSOLUTE     
                    87F7H     0069H                  *** GAP ***
            XDATA   8860H     001FH     ABSOLUTE     
                    887FH     0001H                  *** GAP ***
            XDATA   8880H     0009H     ABSOLUTE     
                    8889H     0016H                  *** GAP ***
            XDATA   889FH     0001H     ABSOLUTE     
            XDATA   88A0H     0001H     ABSOLUTE     
            XDATA   88A1H     0001H     ABSOLUTE     
            XDATA   88A2H     0001H     ABSOLUTE     
            XDATA   88A3H     0001H     ABSOLUTE     
            XDATA   88A4H     0001H     ABSOLUTE     
            XDATA   88A5H     0001H     ABSOLUTE     
            XDATA   88A6H     0001H     ABSOLUTE     
            XDATA   88A7H     0001H     ABSOLUTE     
            XDATA   88A8H     0001H     ABSOLUTE     
            XDATA   88A9H     0001H     ABSOLUTE     
            XDATA   88AAH     0001H     ABSOLUTE     
                    88ABH     0019H                  *** GAP ***
            XDATA   88C4H     0001H     ABSOLUTE     
                    88C5H     01D5H                  *** GAP ***
            XDATA   8A9AH     0001H     ABSOLUTE     
                    8A9BH     0024H                  *** GAP ***
            XDATA   8ABFH     0001H     ABSOLUTE     
                    8AC0H     002FH                  *** GAP ***
            XDATA   8AEFH     0001H     ABSOLUTE     
                    8AF0H     0014H                  *** GAP ***
            XDATA   8B04H     0001H     ABSOLUTE     
                    8B05H     0013H                  *** GAP ***
            XDATA   8B18H     0001H     ABSOLUTE     
            XDATA   8B19H     0001H     ABSOLUTE     
                    8B1AH     0006H                  *** GAP ***
            XDATA   8B20H     0001H     ABSOLUTE     
            XDATA   8B21H     0001H     ABSOLUTE     
            XDATA   8B22H     0001H     ABSOLUTE     
            XDATA   8B23H     0001H     ABSOLUTE     
                    8B24H     000DH                  *** GAP ***
BL51 BANKED LINKER/LOCATER V5.12                                                      11/26/2018  18:59:04  PAGE 23


            XDATA   8B31H     0001H     ABSOLUTE     
            XDATA   8B32H     0001H     ABSOLUTE     
            XDATA   8B33H     0001H     ABSOLUTE     
            XDATA   8B34H     0001H     ABSOLUTE     
                    8B35H     0003H                  *** GAP ***
            XDATA   8B38H     0001H     ABSOLUTE     
            XDATA   8B39H     0001H     ABSOLUTE     
            XDATA   8B3AH     0001H     ABSOLUTE     
                    8B3BH     0005H                  *** GAP ***
            XDATA   8B40H     0001H     ABSOLUTE     
            XDATA   8B41H     0001H     ABSOLUTE     
            XDATA   8B42H     0001H     ABSOLUTE     
            XDATA   8B43H     0001H     ABSOLUTE     
                    8B44H     0002H                  *** GAP ***
            XDATA   8B46H     0001H     ABSOLUTE     
            XDATA   8B47H     0001H     ABSOLUTE     
            XDATA   8B48H     0001H     ABSOLUTE     
            XDATA   8B49H     0001H     ABSOLUTE     
                    8B4AH     0004H                  *** GAP ***
            XDATA   8B4EH     0001H     ABSOLUTE     
                    8B4FH     0001H                  *** GAP ***
            XDATA   8B50H     0001H     ABSOLUTE     
                    8B51H     0002H                  *** GAP ***
            XDATA   8B53H     0001H     ABSOLUTE     
            XDATA   8B54H     0001H     ABSOLUTE     
            XDATA   8B55H     0001H     ABSOLUTE     
            XDATA   8B56H     0001H     ABSOLUTE     
            XDATA   8B57H     0001H     ABSOLUTE     
            XDATA   8B58H     0001H     ABSOLUTE     
            XDATA   8B59H     0001H     ABSOLUTE     
            XDATA   8B5AH     0001H     ABSOLUTE     
            XDATA   8B5BH     0001H     ABSOLUTE     
            XDATA   8B5CH     0001H     ABSOLUTE     
            XDATA   8B5DH     0001H     ABSOLUTE     
            XDATA   8B5EH     0001H     ABSOLUTE     
            XDATA   8B5FH     0001H     ABSOLUTE     
            XDATA   8B60H     0001H     ABSOLUTE     
            XDATA   8B61H     0001H     ABSOLUTE     
            XDATA   8B62H     0001H     ABSOLUTE     
            XDATA   8B63H     0001H     ABSOLUTE     
                    8B64H     000CH                  *** GAP ***
            XDATA   8B70H     0001H     ABSOLUTE     
                    8B71H     0007H                  *** GAP ***
            XDATA   8B78H     0001H     ABSOLUTE     
            XDATA   8B79H     0001H     ABSOLUTE     
            XDATA   8B7AH     0001H     ABSOLUTE     
                    8B7BH     0005H                  *** GAP ***
            XDATA   8B80H     0001H     ABSOLUTE     
            XDATA   8B81H     0001H     ABSOLUTE     
            XDATA   8B82H     0001H     ABSOLUTE     
            XDATA   8B83H     0001H     ABSOLUTE     
            XDATA   8B84H     0001H     ABSOLUTE     
            XDATA   8B85H     0001H     ABSOLUTE     
            XDATA   8B86H     0001H     ABSOLUTE     
            XDATA   8B87H     0001H     ABSOLUTE     
            XDATA   8B88H     0001H     ABSOLUTE     
            XDATA   8B89H     0001H     ABSOLUTE     
BL51 BANKED LINKER/LOCATER V5.12                                                      11/26/2018  18:59:04  PAGE 24


            XDATA   8B8AH     0001H     ABSOLUTE     
            XDATA   8B8BH     0001H     ABSOLUTE     
            XDATA   8B8CH     0001H     ABSOLUTE     
            XDATA   8B8DH     0001H     ABSOLUTE     
            XDATA   8B8EH     0001H     ABSOLUTE     
            XDATA   8B8FH     0001H     ABSOLUTE     
            XDATA   8B90H     0001H     ABSOLUTE     
            XDATA   8B91H     0001H     ABSOLUTE     
            XDATA   8B92H     0001H     ABSOLUTE     
                    8B93H     000DH                  *** GAP ***
            XDATA   8BA0H     0001H     ABSOLUTE     
                    8BA1H     005FH                  *** GAP ***
            XDATA   8C00H     0001H     ABSOLUTE     
            XDATA   8C01H     0001H     ABSOLUTE     
            XDATA   8C02H     0001H     ABSOLUTE     
            XDATA   8C03H     0001H     ABSOLUTE     
            XDATA   8C04H     0001H     ABSOLUTE     
            XDATA   8C05H     0001H     ABSOLUTE     
            XDATA   8C06H     0001H     ABSOLUTE     
            XDATA   8C07H     0001H     ABSOLUTE     
            XDATA   8C08H     0001H     ABSOLUTE     
            XDATA   8C09H     0001H     ABSOLUTE     
            XDATA   8C0AH     0001H     ABSOLUTE     
            XDATA   8C0BH     0001H     ABSOLUTE     
            XDATA   8C0CH     0001H     ABSOLUTE     
            XDATA   8C0DH     0001H     ABSOLUTE     
            XDATA   8C0EH     0001H     ABSOLUTE     
            XDATA   8C0FH     0001H     ABSOLUTE     
            XDATA   8C10H     0001H     ABSOLUTE     
            XDATA   8C11H     0001H     ABSOLUTE     
                    8C12H     000EH                  *** GAP ***
            XDATA   8C20H     0001H     ABSOLUTE     
            XDATA   8C21H     0010H     ABSOLUTE     
            XDATA   8C31H     0001H     ABSOLUTE     
            XDATA   8C32H     0010H     ABSOLUTE     
                    8C42H     000EH                  *** GAP ***
            XDATA   8C50H     0020H     ABSOLUTE     
                    8C70H     0010H                  *** GAP ***
            XDATA   8C80H     0001H     ABSOLUTE     
            XDATA   8C81H     0001H     ABSOLUTE     
            XDATA   8C82H     0001H     ABSOLUTE     
            XDATA   8C83H     0001H     ABSOLUTE     
            XDATA   8C84H     0001H     ABSOLUTE     
                    8C85H     007BH                  *** GAP ***
            XDATA   8D00H     0001H     ABSOLUTE     
                    8D01H     0002H                  *** GAP ***
            XDATA   8D03H     0001H     ABSOLUTE     
            XDATA   8D04H     0001H     ABSOLUTE     
            XDATA   8D05H     0001H     ABSOLUTE     
            XDATA   8D06H     0001H     ABSOLUTE     
            XDATA   8D07H     0001H     ABSOLUTE     
            XDATA   8D08H     0001H     ABSOLUTE     
                    8D09H     0027H                  *** GAP ***
            XDATA   8D30H     0001H     ABSOLUTE     
            XDATA   8D31H     0001H     ABSOLUTE     
            XDATA   8D32H     0001H     ABSOLUTE     
            XDATA   8D33H     0001H     ABSOLUTE     
BL51 BANKED LINKER/LOCATER V5.12                                                      11/26/2018  18:59:04  PAGE 25


            XDATA   8D34H     0001H     ABSOLUTE     
            XDATA   8D35H     0001H     ABSOLUTE     
            XDATA   8D36H     0001H     ABSOLUTE     
            XDATA   8D37H     0001H     ABSOLUTE     
                    8D38H     0018H                  *** GAP ***
            XDATA   8D50H     0001H     ABSOLUTE     
            XDATA   8D51H     0001H     ABSOLUTE     
            XDATA   8D52H     0001H     ABSOLUTE     
            XDATA   8D53H     0001H     ABSOLUTE     
                    8D54H     0001H                  *** GAP ***
            XDATA   8D55H     0001H     ABSOLUTE     
                    8D56H     00AAH                  *** GAP ***
            XDATA   8E00H     0001H     ABSOLUTE     
                    8E01H     0001H                  *** GAP ***
            XDATA   8E02H     0001H     ABSOLUTE     
                    8E03H     0003H                  *** GAP ***
            XDATA   8E06H     0001H     ABSOLUTE     
            XDATA   8E07H     0001H     ABSOLUTE     
                    8E08H     0004H                  *** GAP ***
            XDATA   8E0CH     0001H     ABSOLUTE     
                    8E0DH     0005H                  *** GAP ***
            XDATA   8E12H     0001H     ABSOLUTE     
            XDATA   8E13H     0001H     ABSOLUTE     
            XDATA   8E14H     0001H     ABSOLUTE     
[...]
 C2:4A73H         LINE#         157
 C2:4A73H         LINE#         158
 C2:4A7BH         LINE#         160
 C2:4A8BH         LINE#         163
 C2:4A8DH         LINE#         164
 C2:4A8DH         LINE#         165
 C2:4A93H         LINE#         166
 C2:4A95H         LINE#         167
 C2:4A95H         LINE#         169
 C2:4A96H         LINE#         170
  -------         ENDPROC       DCR_ISSCENECHANGED
  -------         ENDMOD        DCR

  -------         MODULE        DCR_SETDYMACE
  C:0000H         SYMBOL        _ICE_DUMMY_
  X:A182H         SYMBOL        usCurIG
  X:A1A2H         SYMBOL        usNewIG
BL51 BANKED LINKER/LOCATER V5.12                                                      11/26/2018  18:59:04  PAGE 171


  X:A1C2H         SYMBOL        ucACEMode
 C2:3935H         PUBLIC        _DCR_SetDymACE
  B:0025H.7       SYMBOL        bUpdateIG
 C2:A505H         PUBLIC        _DCR_SetDynACEType
 C2:5437H         PUBLIC        _DCR_SetDynACEPnts
 C2:4298H         SYMBOL        DCR_NewIGByHistogram
  X:A1C3H         SYMBOL        usLowerBond
  X:A1C5H         SYMBOL        ucMinIGTable
 C2:4B08H         SYMBOL        Com0035
 C2:4B08H         SYMBOL        L?0054
 C2:4B19H         SYMBOL        L?0055
 C2:4B1AH         SYMBOL        L?0056
 C2:4B26H         SYMBOL        L?0057
 C2:4B2BH         SYMBOL        L?0058
 C2:4B2CH         SYMBOL        L?0059
 C2:4B38H         SYMBOL        L?0060
 C2:4B39H         SYMBOL        L?0061
 C2:4B3CH         SYMBOL        L?0062
 C2:4B44H         SYMBOL        L?0063
 C2:4B56H         SYMBOL        L?0064
 C2:4B5BH         SYMBOL        L?0065
 C2:4B62H         SYMBOL        L?0066
 C2:4B6EH         SYMBOL        L?0067
  -------         PROC          COM0035
  -------         ENDPROC       COM0035

  -------         PROC BANK=2   DCR_NEWIGBYHISTOGRAM
  -------         DO            
  B:0021H.7       SYMBOL        pure
  X:A0D2H         SYMBOL        i
  -------         ENDDO         
 C2:4298H         LINE#         63
 C2:4298H         LINE#         64
 C2:4298H         LINE#         68
 C2:42A2H         LINE#         70
 C2:42A8H         LINE#         71
 C2:42A8H         LINE#         73
 C2:42B0H         LINE#         74
 C2:42B3H         LINE#         75
 C2:42B5H         LINE#         76
 C2:42BAH         LINE#         80
 C2:430AH         LINE#         85
 C2:431AH         LINE#         86
 C2:431CH         LINE#         87
 C2:431EH         LINE#         88
 C2:431EH         LINE#         90
 C2:4330H         LINE#         92
 C2:4333H         LINE#         93
 C2:4333H         LINE#         94
 C2:4333H         LINE#         95
 C2:434CH         LINE#         96
 C2:435AH         LINE#         99
 C2:435DH         LINE#         100
 C2:4362H         LINE#         101
 C2:4379H         LINE#         102
 C2:4383H         LINE#         103
 C2:4383H         LINE#         105
BL51 BANKED LINKER/LOCATER V5.12                                                      11/26/2018  18:59:04  PAGE 172


 C2:4385H         LINE#         106
 C2:4385H         LINE#         108
 C2:4386H         LINE#         109
  -------         ENDPROC       DCR_NEWIGBYHISTOGRAM

  -------         PROC BANK=2   _DCR_SETDYNACETYPE
  D:0007H         SYMBOL        type
 C2:A505H         LINE#         118
 C2:A505H         LINE#         119
 C2:A505H         LINE#         120
 C2:A50AH         LINE#         121
  -------         ENDPROC       _DCR_SETDYNACETYPE

  -------         PROC BANK=2   _DCR_SETDYNACEPNTS
  X:A0D3H         SYMBOL        ptr
  -------         DO            
  D:0007H         SYMBOL        i
  -------         ENDDO         
 C2:5437H         LINE#         127
 C2:5442H         LINE#         128
 C2:5442H         LINE#         131
 C2:5449H         LINE#         132
 C2:5450H         LINE#         133
 C2:5451H         LINE#         134
 C2:5456H         LINE#         135
 C2:5459H         LINE#         136
 C2:5460H         LINE#         137
 C2:5460H         LINE#         138
 C2:5460H         LINE#         139
 C2:5462H         LINE#         140
 C2:5473H         LINE#         141
 C2:5476H         LINE#         142
 C2:547CH         LINE#         143
 C2:547CH         LINE#         144
  -------         ENDPROC       _DCR_SETDYNACEPNTS

  -------         PROC BANK=2   _DCR_SETDYMACE
  X:A0CEH         SYMBOL        reset
  -------         DO            
  X:A0CFH         SYMBOL        i
  D:0005H         SYMBOL        reg
  X:A0D0H         SYMBOL        tmp_cur
  D:0006H         SYMBOL        tmp_new
  -------         ENDDO         
 C2:3935H         LINE#         150
 C2:393AH         LINE#         151
 C2:393AH         LINE#         155
 C2:393CH         LINE#         156
 C2:393FH         LINE#         157
 C2:3956H         LINE#         158
 C2:3961H         LINE#         159
 C2:3968H         LINE#         160
 C2:3968H         LINE#         162
 C2:3979H         LINE#         163
 C2:397BH         LINE#         164
 C2:3984H         LINE#         165
 C2:3988H         LINE#         166
BL51 BANKED LINKER/LOCATER V5.12                                                      11/26/2018  18:59:04  PAGE 173


 C2:399CH         LINE#         167
 C2:39A4H         LINE#         168
 C2:39B2H         LINE#         169
 C2:39C5H         LINE#         170
 C2:39D2H         LINE#         172
 C2:39E4H         LINE#         173
 C2:39E6H         LINE#         174
 C2:39E8H         LINE#         175
 C2:39F5H         LINE#         176
 C2:3A0EH         LINE#         177
 C2:3A1AH         LINE#         179
 C2:3A22H         LINE#         180
 C2:3A24H         LINE#         181
 C2:3A24H         LINE#         182
 C2:3A31H         LINE#         183
 C2:3A31H         LINE#         184
 C2:3A31H         LINE#         185
 C2:3A36H         LINE#         186
 C2:3A3DH         LINE#         187
 C2:3A44H         LINE#         188
 C2:3A44H         LINE#         190
 C2:3A4BH         LINE#         191
 C2:3A52H         LINE#         192
 C2:3A56H         LINE#         193
 C2:3A5AH         LINE#         194
 C2:3A5EH         LINE#         197
 C2:3A63H         LINE#         198
 C2:3A64H         LINE#         199
 C2:3A72H         LINE#         200
 C2:3A7DH         LINE#         201
 C2:3A7FH         LINE#         202
 C2:3A84H         LINE#         203
 C2:3A89H         LINE#         204
 C2:3A8CH         LINE#         207
 C2:3A95H         LINE#         208
 C2:3A98H         LINE#         209
 C2:3A9BH         LINE#         210
 C2:3AA2H         LINE#         211
 C2:3AA2H         LINE#         212
  -------         ENDPROC       _DCR_SETDYMACE
  -------         ENDMOD        DCR_SETDYMACE

  -------         MODULE        DCR_SETDYMBACKLIGHT
  C:0000H         SYMBOL        _ICE_DUMMY_
 C2:3D32H         PUBLIC        DCR_SetDymBacklight
 C2:A458H         PUBLIC        _DCR_ResetDymBacklight
  X:A560H         SYMBOL        usCurrentBacklight
  X:A562H         SYMBOL        usTargetBacklight
 C2:576FH         SYMBOL        Com0017
 C2:576FH         SYMBOL        L?0024
 C2:5778H         SYMBOL        L?0025
 C2:577BH         SYMBOL        L?0026
 C2:5783H         SYMBOL        L?0027
 C2:5792H         SYMBOL        L?0028
  -------         PROC          COM0017
  -------         ENDPROC       COM0017
  -------         PROC          DCR_SETDYMBACKLIGHT
BL51 BANKED LINKER/LOCATER V5.12                                                      11/26/2018  18:59:04  PAGE 174


  -------         DO            
  D:0006H         SYMBOL        tmp
  X:A55FH         SYMBOL        ucUpdateBK
  -------         ENDDO         
 C2:3D32H         LINE#         59
 C2:3D32H         LINE#         60
 C2:3D32H         LINE#         64
 C2:3D43H         LINE#         67
 C2:3D78H         LINE#         71
 C2:3D84H         LINE#         72
 C2:3D8CH         LINE#         73
 C2:3D92H         LINE#         74
 C2:3D9BH         LINE#         75
 C2:3DAAH         LINE#         76
 C2:3DB1H         LINE#         77
 C2:3DB1H         LINE#         79
 C2:3DDDH         LINE#         82
 C2:3DE3H         LINE#         83
 C2:3DFAH         LINE#         84
 C2:3E0FH         LINE#         85
 C2:3E14H         LINE#         86
 C2:3E20H         LINE#         87
 C2:3E26H         LINE#         88
 C2:3E27H         LINE#         89
 C2:3E29H         LINE#         90
 C2:3E29H         LINE#         91
 C2:3E2CH         LINE#         92
 C2:3E33H         LINE#         93
 C2:3E42H         LINE#         94
 C2:3E42H         LINE#         95
 C2:3E44H         LINE#         96
 C2:3E44H         LINE#         97
 C2:3E49H         LINE#         98
 C2:3E4EH         LINE#         99
 C2:3E53H         LINE#         100
 C2:3E55H         LINE#         101
 C2:3E55H         LINE#         102
 C2:3E58H         LINE#         103
 C2:3E58H         LINE#         104
 C2:3E58H         LINE#         106
 C2:3E63H         LINE#         107
 C2:3E63H         LINE#         109
 C2:3E68H         LINE#         110
  -------         ENDPROC       DCR_SETDYMBACKLIGHT
  -------         PROC          _DCR_RESETDYMBACKLIGHT
  D:0006H         SYMBOL        backlight
 C2:A458H         LINE#         118
 C2:A458H         LINE#         119
 C2:A458H         LINE#         120
 C2:A460H         LINE#         121
  -------         ENDPROC       _DCR_RESETDYMBACKLIGHT
  -------         ENDMOD        DCR_SETDYMBACKLIGHT

  -------         MODULE        DCR_CHECKCONTENT
  C:0000H         SYMBOL        _ICE_DUMMY_
 C2:9E58H         PUBLIC        DCR_IsReadyToGetMax
 C2:A517H         PUBLIC        DCR_GetBMax
BL51 BANKED LINKER/LOCATER V5.12                                                      11/26/2018  18:59:04  PAGE 175


 C2:A511H         PUBLIC        DCR_GetGMax
 C2:A50BH         PUBLIC        DCR_GetRMax

  -------         PROC BANK=2   DCR_GETRMAX
 C2:A50BH         LINE#         50
 C2:A50BH         LINE#         51
 C2:A50BH         LINE#         52
 C2:A510H         LINE#         53
  -------         ENDPROC       DCR_GETRMAX

  -------         PROC BANK=2   DCR_GETGMAX
 C2:A511H         LINE#         59
 C2:A511H         LINE#         60
 C2:A511H         LINE#         61
 C2:A516H         LINE#         62
  -------         ENDPROC       DCR_GETGMAX

  -------         PROC BANK=2   DCR_GETBMAX
 C2:A517H         LINE#         68
 C2:A517H         LINE#         69
 C2:A517H         LINE#         70
 C2:A51CH         LINE#         71
  -------         ENDPROC       DCR_GETBMAX

  -------         PROC BANK=2   DCR_ISREADYTOGETMAX
 C2:9E58H         LINE#         77
 C2:9E58H         LINE#         78
 C2:9E58H         LINE#         79
 C2:9E5FH         LINE#         80
 C2:9E61H         LINE#         81
 C2:9E61H         LINE#         84
 C2:9E6FH         LINE#         85
 C2:9E72H         LINE#         86
 C2:9E74H         LINE#         87
 C2:9E74H         LINE#         88
 C2:9E77H         LINE#         89
 C2:9E77H         LINE#         101
 C2:9E78H         LINE#         102
  -------         ENDPROC       DCR_ISREADYTOGETMAX
  -------         ENDMOD        DCR_CHECKCONTENT

  -------         MODULE        ?C?FPADD
  C:5988H         PUBLIC        ?C?FPADD
  C:5984H         PUBLIC        ?C?FPSUB
  -------         ENDMOD        ?C?FPADD

  -------         MODULE        ?C?FPMUL
  C:5A79H         PUBLIC        ?C?FPMUL
  -------         ENDMOD        ?C?FPMUL

  -------         MODULE        ?C?FPDIV
  C:5B82H         PUBLIC        ?C?FPDIV
  -------         ENDMOD        ?C?FPDIV

  -------         MODULE        ?C?FPCMP
  C:5C21H         PUBLIC        ?C?FPCMP
  C:5C1FH         PUBLIC        ?C?FPCMP3
BL51 BANKED LINKER/LOCATER V5.12                                                      11/26/2018  18:59:04  PAGE 176


  -------         ENDMOD        ?C?FPCMP

  -------         MODULE        ?C?FCAST
  C:5C96H         PUBLIC        ?C?FCASTC
  C:5C91H         PUBLIC        ?C?FCASTI
  C:5C8CH         PUBLIC        ?C?FCASTL
  -------         ENDMOD        ?C?FCAST

  -------         MODULE        ?C?CASTF
  C:5CCAH         PUBLIC        ?C?CASTF
  -------         ENDMOD        ?C?CASTF

  -------         MODULE        PRINTF
  X:A0F4H         PUBLIC        ?_PRINTF?BYTE
  X:A0F4H         PUBLIC        ?_SPRINTF?BYTE
  C:773FH         PUBLIC        _PRINTF
  C:7739H         PUBLIC        _SPRINTF
  -------         ENDMOD        PRINTF

  -------         MODULE        ?C?FPROUND
  C:5D4BH         PUBLIC        ?C?FPROUND
  -------         ENDMOD        ?C?FPROUND

  -------         MODULE        ?C?FPCONVERT
  C:5D88H         PUBLIC        ?C?FPCONVERT
  -------         ENDMOD        ?C?FPCONVERT

  -------         MODULE        ?C?FTNPWR
  C:5EBDH         PUBLIC        ?C?FTNPWR
  -------         ENDMOD        ?C?FTNPWR

  -------         MODULE        ?C?COPY
  C:5FCDH         PUBLIC        ?C?COPY
  -------         ENDMOD        ?C?COPY

  -------         MODULE        ?C?CLDPTR
  C:5FF3H         PUBLIC        ?C?CLDPTR
  -------         ENDMOD        ?C?CLDPTR

  -------         MODULE        ?C?CLDOPTR
  C:600CH         PUBLIC        ?C?CLDOPTR
  -------         ENDMOD        ?C?CLDOPTR

  -------         MODULE        ?C?CILDPTR
  C:6039H         PUBLIC        ?C?CILDPTR
  -------         ENDMOD        ?C?CILDPTR

  -------         MODULE        ?C?CSTPTR
  C:605BH         PUBLIC        ?C?CSTPTR
  -------         ENDMOD        ?C?CSTPTR

  -------         MODULE        ?C?CSTOPTR
  C:606DH         PUBLIC        ?C?CSTOPTR
  -------         ENDMOD        ?C?CSTOPTR

  -------         MODULE        ?C?IMUL
  C:608FH         PUBLIC        ?C?IMUL
BL51 BANKED LINKER/LOCATER V5.12                                                      11/26/2018  18:59:04  PAGE 177


  -------         ENDMOD        ?C?IMUL

  -------         MODULE        ?C?UIDIV
  C:60A1H         PUBLIC        ?C?UIDIV
  -------         ENDMOD        ?C?UIDIV

  -------         MODULE        ?C?SIDIV
  C:60F6H         PUBLIC        ?C?SIDIV
  -------         ENDMOD        ?C?SIDIV

  -------         MODULE        ?C?IILDX
  C:612CH         PUBLIC        ?C?IILDX
  -------         ENDMOD        ?C?IILDX

  -------         MODULE        ?C?ILDIX
  C:6142H         PUBLIC        ?C?ILDIX
  -------         ENDMOD        ?C?ILDIX

  -------         MODULE        ?C?ILDPTR
  C:6158H         PUBLIC        ?C?ILDPTR
  -------         ENDMOD        ?C?ILDPTR

  -------         MODULE        ?C?ILDOPTR
  C:6183H         PUBLIC        ?C?ILDOPTR
  -------         ENDMOD        ?C?ILDOPTR

  -------         MODULE        ?C?ISTPTR
  C:61BBH         PUBLIC        ?C?ISTPTR
  -------         ENDMOD        ?C?ISTPTR

  -------         MODULE        ?C?ISTOPTR
  C:61DAH         PUBLIC        ?C?ISTOPTR
  -------         ENDMOD        ?C?ISTOPTR

  -------         MODULE        ?C?LMUL
  C:6207H         PUBLIC        ?C?LMUL
  -------         ENDMOD        ?C?LMUL

  -------         MODULE        ?C?ULDIV
  C:6292H         PUBLIC        ?C?ULDIV
  -------         ENDMOD        ?C?ULDIV

  -------         MODULE        ?C?LNEG
  C:6324H         PUBLIC        ?C?LNEG
  -------         ENDMOD        ?C?LNEG

  -------         MODULE        ?C?SLCMP
  C:6332H         PUBLIC        ?C?SLCMP
  -------         ENDMOD        ?C?SLCMP

  -------         MODULE        ?C?ULCMP
  C:6348H         PUBLIC        ?C?ULCMP
  -------         ENDMOD        ?C?ULCMP

  -------         MODULE        ?C?ULSHR
  C:6359H         PUBLIC        ?C?ULSHR
  -------         ENDMOD        ?C?ULSHR
BL51 BANKED LINKER/LOCATER V5.12                                                      11/26/2018  18:59:04  PAGE 178



  -------         MODULE        ?C?SLSHR
  C:636CH         PUBLIC        ?C?SLSHR
  -------         ENDMOD        ?C?SLSHR

  -------         MODULE        ?C?LSHL
  C:6380H         PUBLIC        ?C?LSHL
  -------         ENDMOD        ?C?LSHL

  -------         MODULE        ?C?LLDPTR
  C:6393H         PUBLIC        ?C?LLDPTR
  -------         ENDMOD        ?C?LLDPTR

  -------         MODULE        ?C?LLDXDATA
  C:63B3H         PUBLIC        ?C?LLDXDATA
  -------         ENDMOD        ?C?LLDXDATA

  -------         MODULE        ?C?LSTXDATA
  C:63BFH         PUBLIC        ?C?LSTXDATA
  -------         ENDMOD        ?C?LSTXDATA

  -------         MODULE        ?C?LSTKXDATA
  C:63CBH         PUBLIC        ?C?LSTKXDATA
  -------         ENDMOD        ?C?LSTKXDATA

  -------         MODULE        ?C?OFFXADD
  C:63FCH         PUBLIC        ?C?OFFXADD
  -------         ENDMOD        ?C?OFFXADD

  -------         MODULE        ?C?PLDXDATA
  C:6408H         PUBLIC        ?C?PLDXDATA
  -------         ENDMOD        ?C?PLDXDATA

  -------         MODULE        ?C?PLDIXDATA
  C:6411H         PUBLIC        ?C?PLDIXDATA
  -------         ENDMOD        ?C?PLDIXDATA

  -------         MODULE        ?C?PSTXDATA
  C:6428H         PUBLIC        ?C?PSTXDATA
  -------         ENDMOD        ?C?PSTXDATA

  -------         MODULE        ?C?PLDOPTR
  C:6431H         PUBLIC        ?C?PLDOPTR
  -------         ENDMOD        ?C?PLDOPTR

  -------         MODULE        ?C?CCASE
  C:6461H         PUBLIC        ?C?CCASE
  -------         ENDMOD        ?C?CCASE

  -------         MODULE        ?C?ICALL
  C:6487H         PUBLIC        ?C?ICALL
  C:648BH         PUBLIC        ?C?ICALL2
  -------         ENDMOD        ?C?ICALL

  -------         MODULE        PUTCHAR
  C:9A46H         PUBLIC        _PUTCHAR
  -------         ENDMOD        PUTCHAR
BL51 BANKED LINKER/LOCATER V5.12                                                      11/26/2018  18:59:04  PAGE 179



  -------         MODULE        ABS
  C:9C67H         PUBLIC        _abs
  -------         ENDMOD        ABS

  -------         MODULE        LABS
  C:9CD6H         PUBLIC        _labs
  -------         ENDMOD        LABS

  -------         MODULE        STRLEN
  C:9C1CH         PUBLIC        _STRLEN
  -------         ENDMOD        STRLEN

  -------         MODULE        ?C?LLDIDATA
  C:648DH         PUBLIC        ?C?LLDIDATA
  -------         ENDMOD        ?C?LLDIDATA

  -------         MODULE        ?C?LLDPDATA
  C:6499H         PUBLIC        ?C?LLDPDATA
  -------         ENDMOD        ?C?LLDPDATA

  -------         MODULE        ?C?LLDCODE
  C:64A5H         PUBLIC        ?C?LLDCODE
  -------         ENDMOD        ?C?LLDCODE

  -------         MODULE        ?C?PLDIDATA
  C:64B5H         PUBLIC        ?C?PLDIDATA
  -------         ENDMOD        ?C?PLDIDATA

  -------         MODULE        ?C?PLDPDATA
  C:64BEH         PUBLIC        ?C?PLDPDATA
  -------         ENDMOD        ?C?PLDPDATA

  -------         MODULE        ?C?PLDCODE
  C:64C7H         PUBLIC        ?C?PLDCODE
  -------         ENDMOD        ?C?PLDCODE

*** WARNING L16: UNCALLED SEGMENT, IGNORED FOR OVERLAY PROCESS
    SEGMENT: ?PR?_SPUTBYTEHEX?INT

*** WARNING L16: UNCALLED SEGMENT, IGNORED FOR OVERLAY PROCESS
    SEGMENT: ?PR?_SPUTWORDHEX?INT

*** WARNING L16: UNCALLED SEGMENT, IGNORED FOR OVERLAY PROCESS
    SEGMENT: ?PR?_SPUTWORDDEC?INT

*** WARNING L16: UNCALLED SEGMENT, IGNORED FOR OVERLAY PROCESS
    SEGMENT: ?PR?HOLDMODEDISPLAY?MODEHANDLER

*** WARNING L16: UNCALLED SEGMENT, IGNORED FOR OVERLAY PROCESS
    SEGMENT: ?PR?_ISNONSUPPORTMODE?MODESEARCH

*** WARNING L16: UNCALLED SEGMENT, IGNORED FOR OVERLAY PROCESS
    SEGMENT: ?PR?_SETLOWPOWERMODE?SCALER_POWER

*** WARNING L16: UNCALLED SEGMENT, IGNORED FOR OVERLAY PROCESS
    SEGMENT: ?PR?OSDENTEROPT2?OSDCTRL
BL51 BANKED LINKER/LOCATER V5.12                                                      11/26/2018  18:59:04  PAGE 180



*** WARNING L16: UNCALLED SEGMENT, IGNORED FOR OVERLAY PROCESS
    SEGMENT: ?PR?SHOWLOGO?LOGO

*** WARNING L16: UNCALLED SEGMENT, IGNORED FOR OVERLAY PROCESS
    SEGMENT: ?PR?IR_INITALIZE?IR

*** WARNING L16: UNCALLED SEGMENT, IGNORED FOR OVERLAY PROCESS
    SEGMENT: ?PR?_RETURNCOMMAND?XRS232_LWO_APP

Program Size: data=136.2 xdata=5963 code=133474
LINK/LOCATE RUN COMPLETE.  10 WARNING(S),  0 ERROR(S)
